[train-multi-v5] REAL TRAINING RUN: 500 episodes, initial device=mps, reward_shaping=off (SHAPING_COEFF=0.02), GAE(lambda=0.95, gamma=0.99), PPO(epochs=1, minibatch=16, clip_eps=0.2)
[train-multi-v5] Building InfernoEnv...
[InfernoEnv] Loading + preparing road routing graph from /Users/ameygarg/COSMOS_FINAL/infernotactics/data/roads.graphml ...
[InfernoEnv] Warning: 1/32 zones unreachable from LAFD Station 69 (Pacific Palisades) via the road graph (dispatches routed to this station specifically will be wasted there).
[InfernoEnv] Warning: 1/32 zones unreachable from LAFD Station 19 (Brentwood) via the road graph (dispatches routed to this station specifically will be wasted there).
[InfernoEnv] Warning: 1/32 zones unreachable from LAFD Station 23 (Palisades Highlands) via the road graph (dispatches routed to this station specifically will be wasted there).
[InfernoEnv] Warning: 1/32 zones unreachable from LAFD Station 37 (Westwood / UCLA) via the road graph (dispatches routed to this station specifically will be wasted there).
[InfernoEnv] Warning: 1/32 zones unreachable from LAFD Station 71 (Bel-Air / Holmby Hills) via the road graph (dispatches routed to this station specifically will be wasted there).
[InfernoEnv] Warning: 1/32 zones unreachable from LAFD Station 99 (Mulholland Drive) via the road graph (dispatches routed to this station specifically will be wasted there).
[InfernoEnv] Warning: 1/32 zones unreachable from LAFD Station 109 (Mulholland Drive / Brentwood) via the road graph (dispatches routed to this station specifically will be wasted there).
[train-multi-v5] Warm-started from /Users/ameygarg/COSMOS_FINAL/infernotactics/models/checkpoints/best.pt (original single-scenario best.pt, ep 260) -- all layers loaded unchanged except mlp.net.0.weight, which gained one zero-initialized column for the anchor-identity flag (N_SCALARS=9, was 8) -- see ANCHOR_FLAG_DIM docstring for why.
    [ppo-kl] ep 20: approx_KL before epoch 1 = 0.00000  final = 0.08397  entropy=0.40230  epochs_run=0 minibatches_run=2  EARLY-STOPPED after 2 minibatch(es) (epoch 1, reason=kl)  ignition=(177,511)  n_ticks=150  timeout=True  other_grad_norm=84829.1
[status @ ep    20/500] episodes/min(last20)=  8.28  avg_reward(last20)=  -83692.3  entropy=0.402  policy_loss=   0.122  value_loss=  41.288  class_loss=0.040  reward_scale_std=830.22  value_grad_norm=28368.6  other_grad_norm=84829.1  device=mps
    [anchor-flag probe] resource_logits(flag=0)=[-0.067, 1.228, 1.464, 0.122]  resource_logits(flag=1)=[-0.067, 1.228, 1.464, 0.122]  max_abs_diff=0.0001
  [checkpoint] saved /Users/ameygarg/COSMOS_FINAL/infernotactics/models/checkpoints_multi_v5/episode_0020.pt (and latest.pt, resume_state.pt)
    [grad-norm SPIKE] ep 22: other_grad_norm=243306.0 vs recent median=45013.6 (5.4x) -- watch next few episodes' entropy closely
    [grad-norm SPIKE] ep 25: other_grad_norm=533864.5 vs recent median=69282.3 (7.7x) -- watch next few episodes' entropy closely
    [grad-norm SPIKE] ep 36: other_grad_norm=470146.2 vs recent median=69282.3 (6.8x) -- watch next few episodes' entropy closely
    [ppo-kl] ep 40: approx_KL before epoch 1 = 0.00000  final = 0.00715  entropy=0.43293  epochs_run=1 minibatches_run=7  ignition=(238,531)  n_ticks=102  timeout=False  other_grad_norm=46494.4
[status @ ep    40/500] episodes/min(last20)=  4.26  avg_reward(last20)=  -70650.1  entropy=0.433  policy_loss=   0.022  value_loss= 518.768  class_loss=0.016  reward_scale_std=824.78  value_grad_norm=16727.0  other_grad_norm=46494.4  device=mps
    [anchor-flag probe] resource_logits(flag=0)=[-0.077, 0.722, 0.987, 0.093]  resource_logits(flag=1)=[-0.077, 0.722, 0.986, 0.093]  max_abs_diff=0.0003
  [checkpoint] saved /Users/ameygarg/COSMOS_FINAL/infernotactics/models/checkpoints_multi_v5/episode_0040.pt (and latest.pt, resume_state.pt)
    [grad-norm SPIKE] ep 48: other_grad_norm=289351.8 vs recent median=56731.4 (5.1x) -- watch next few episodes' entropy closely
    [eval @ ep 50] (train     ) single_training: avg_reward=-119980.9  avg_buildings_destroyed=391.3  containment_rate=0%  |  vs heuristic: -100898.9 (heuristic: -19082.0)
    [eval @ ep 50] (train     ) topanga_ridge: avg_reward=-9956.9  avg_buildings_destroyed=31.7  containment_rate=0%  |  vs heuristic: -6510.6 (heuristic: -3446.3)
    [eval @ ep 50] (train     ) sullivan_canyon: avg_reward=-47736.2  avg_buildings_destroyed=175.0  containment_rate=0%  |  vs heuristic: -39914.7 (heuristic: -7821.5)
    [eval @ ep 50] (train     ) stone_canyon: avg_reward=-120972.6  avg_buildings_destroyed=417.3  containment_rate=0%  |  vs heuristic: -75592.7 (heuristic: -45379.9)
    [eval @ ep 50] (VALIDATION) mandeville_canyon: avg_reward=-18010.9  avg_buildings_destroyed=67.3  containment_rate=0%  |  vs heuristic: -18059.9 (heuristic: 49.0)
    [eval @ ep 50] (VALIDATION) getty_view_park: avg_reward=-81898.2  avg_buildings_destroyed=276.0  containment_rate=0%  |  vs heuristic: -81971.8 (heuristic: 73.6)
    [eval @ ep 50] combined avg reward across all 6 scenarios: -66426.0
  [checkpoint] new best combined-avg eval reward (-66426.0) at ep 50 -- saved /Users/ameygarg/COSMOS_FINAL/infernotactics/models/checkpoints_multi_v5/best.pt
    [grad-norm SPIKE] ep 55: other_grad_norm=369215.2 vs recent median=46494.4 (7.9x) -- watch next few episodes' entropy closely
    [grad-norm SPIKE] ep 57: other_grad_norm=474648.8 vs recent median=30956.0 (15.3x) -- watch next few episodes' entropy closely
    [grad-norm SPIKE] ep 60: other_grad_norm=540800.2 vs recent median=30956.0 (17.5x) -- watch next few episodes' entropy closely
    [ppo-kl] ep 60: approx_KL before epoch 1 = 0.00000  final = 0.00088  entropy=0.00822  epochs_run=1 minibatches_run=1  ignition=(311,226)  n_ticks=16  timeout=False  other_grad_norm=540800.2
[status @ ep    60/500] episodes/min(last20)=  3.71  avg_reward(last20)=  -83251.7  entropy=0.008  policy_loss=   0.000  value_loss=2004.813  class_loss=0.020  reward_scale_std=826.25  value_grad_norm=188284.3  other_grad_norm=540800.2  device=mps
    [anchor-flag probe] resource_logits(flag=0)=[-0.123, 0.834, 1.222, 0.004]  resource_logits(flag=1)=[-0.121, 0.831, 1.22, 0.003]  max_abs_diff=0.0026
  [checkpoint] saved /Users/ameygarg/COSMOS_FINAL/infernotactics/models/checkpoints_multi_v5/episode_0060.pt (and latest.pt, resume_state.pt)
    [grad-norm SPIKE] ep 62: other_grad_norm=332270.0 vs recent median=26328.4 (12.6x) -- watch next few episodes' entropy closely
    [grad-norm SPIKE] ep 70: other_grad_norm=143295.8 vs recent median=24516.2 (5.8x) -- watch next few episodes' entropy closely
    [ppo-kl] ep 80: approx_KL before epoch 1 = 0.00000  final = 0.00848  entropy=0.64288  epochs_run=1 minibatches_run=1  ignition=(43,512)  n_ticks=10  timeout=False  other_grad_norm=416805.0
[status @ ep    80/500] episodes/min(last20)=  5.56  avg_reward(last20)=  -62660.1  entropy=0.643  policy_loss=   0.000  value_loss=2931.441  class_loss=0.012  reward_scale_std=816.77  value_grad_norm=157870.5  other_grad_norm=416805.0  device=mps
    [anchor-flag probe] resource_logits(flag=0)=[-0.246, 1.171, 1.093, -0.021]  resource_logits(flag=1)=[-0.246, 1.169, 1.092, -0.021]  max_abs_diff=0.0020
  [checkpoint] saved /Users/ameygarg/COSMOS_FINAL/infernotactics/models/checkpoints_multi_v5/episode_0080.pt (and latest.pt, resume_state.pt)
    [grad-norm SPIKE] ep 83: other_grad_norm=654523.1 vs recent median=93844.9 (7.0x) -- watch next few episodes' entropy closely
    [grad-norm SPIKE] ep 86: other_grad_norm=717299.3 vs recent median=91348.5 (7.9x) -- watch next few episodes' entropy closely
    [ppo-kl] ep 100: approx_KL before epoch 1 = 0.00000  final = 0.03342  entropy=1.58194  epochs_run=0 minibatches_run=1  EARLY-STOPPED after 1 minibatch(es) (epoch 1, reason=kl)  ignition=(119,568)  n_ticks=150  timeout=True  other_grad_norm=22892.6
[status @ ep   100/500] episodes/min(last20)=  5.25  avg_reward(last20)=  -50408.0  entropy=1.582  policy_loss=   0.037  value_loss= 112.571  class_loss=0.055  reward_scale_std=786.49  value_grad_norm=13255.3  other_grad_norm=22892.6  device=mps
    [anchor-flag probe] resource_logits(flag=0)=[-0.051, 0.231, 0.15, -0.019]  resource_logits(flag=1)=[-0.05, 0.228, 0.147, -0.02]  max_abs_diff=0.0037
  [checkpoint] saved /Users/ameygarg/COSMOS_FINAL/infernotactics/models/checkpoints_multi_v5/episode_0100.pt (and latest.pt, resume_state.pt)
    [eval @ ep 100] (train     ) single_training: avg_reward=-119830.2  avg_buildings_destroyed=391.3  containment_rate=0%  |  vs heuristic: -100748.2 (heuristic: -19082.0)
    [eval @ ep 100] (train     ) topanga_ridge: avg_reward=-9806.2  avg_buildings_destroyed=31.7  containment_rate=0%  |  vs heuristic: -6359.9 (heuristic: -3446.3)
    [eval @ ep 100] (train     ) sullivan_canyon: avg_reward=-43037.6  avg_buildings_destroyed=159.0  containment_rate=0%  |  vs heuristic: -35216.1 (heuristic: -7821.5)
    [eval @ ep 100] (train     ) stone_canyon: avg_reward=-121609.8  avg_buildings_destroyed=417.3  containment_rate=0%  |  vs heuristic: -76229.9 (heuristic: -45379.9)
    [eval @ ep 100] (VALIDATION) mandeville_canyon: avg_reward=-17853.5  avg_buildings_destroyed=67.3  containment_rate=0%  |  vs heuristic: -17902.5 (heuristic: 49.0)
    [eval @ ep 100] (VALIDATION) getty_view_park: avg_reward=-81747.4  avg_buildings_destroyed=276.0  containment_rate=0%  |  vs heuristic: -81821.0 (heuristic: 73.6)
    [eval @ ep 100] combined avg reward across all 6 scenarios: -65647.4
  [checkpoint] new best combined-avg eval reward (-65647.4) at ep 100 -- saved /Users/ameygarg/COSMOS_FINAL/infernotactics/models/checkpoints_multi_v5/best.pt
    [ppo-kl] ep 120: approx_KL before epoch 1 = 0.00000  final = 0.08387  entropy=0.10114  epochs_run=0 minibatches_run=3  EARLY-STOPPED after 3 minibatch(es) (epoch 1, reason=kl)  ignition=(22,377)  n_ticks=150  timeout=True  other_grad_norm=4041.0
[status @ ep   120/500] episodes/min(last20)=  6.91  avg_reward(last20)=  -58734.9  entropy=0.101  policy_loss=  -0.088  value_loss=  41.548  class_loss=0.151  reward_scale_std=763.85  value_grad_norm=1139.1  other_grad_norm=4041.0  device=mps
    [anchor-flag probe] resource_logits(flag=0)=[-0.217, 1.13, 0.651, 0.082]  resource_logits(flag=1)=[-0.218, 1.131, 0.652, 0.082]  max_abs_diff=0.0012
  [checkpoint] saved /Users/ameygarg/COSMOS_FINAL/infernotactics/models/checkpoints_multi_v5/episode_0120.pt (and latest.pt, resume_state.pt)
    [grad-norm SPIKE] ep 127: other_grad_norm=371569.1 vs recent median=59328.2 (6.3x) -- watch next few episodes' entropy closely
    [grad-norm SPIKE] ep 129: other_grad_norm=666051.8 vs recent median=69963.8 (9.5x) -- watch next few episodes' entropy closely
    [grad-norm SPIKE] ep 130: other_grad_norm=476666.5 vs recent median=74373.1 (6.4x) -- watch next few episodes' entropy closely
    [ppo-kl] ep 140: approx_KL before epoch 1 = 0.00000  final = 0.12354  entropy=0.21677  epochs_run=0 minibatches_run=1  EARLY-STOPPED after 1 minibatch(es) (epoch 1, reason=kl)  ignition=(207,222)  n_ticks=150  timeout=True  [ANCHOR REPLAY]  other_grad_norm=130723.4
[status @ ep   140/500] episodes/min(last20)=  5.82  avg_reward(last20)=  -74237.6  entropy=0.217  policy_loss=   0.197  value_loss= 174.982  class_loss=0.076  reward_scale_std=770.40  value_grad_norm=67605.9  other_grad_norm=130723.4  device=mps
    [anchor-flag probe] resource_logits(flag=0)=[-0.338, 1.307, 0.904, 0.141]  resource_logits(flag=1)=[-0.339, 1.315, 0.909, 0.141]  max_abs_diff=0.0072
  [checkpoint] saved /Users/ameygarg/COSMOS_FINAL/infernotactics/models/checkpoints_multi_v5/episode_0140.pt (and latest.pt, resume_state.pt)
    [grad-norm SPIKE] ep 141: other_grad_norm=728959.1 vs recent median=103851.5 (7.0x) -- watch next few episodes' entropy closely
    [grad-norm SPIKE] ep 149: other_grad_norm=569876.1 vs recent median=83091.5 (6.9x) -- watch next few episodes' entropy closely
    [grad-norm SPIKE] ep 150: other_grad_norm=478342.8 vs recent median=83091.5 (5.8x) -- watch next few episodes' entropy closely
    [eval @ ep 150] (train     ) single_training: avg_reward=-119852.1  avg_buildings_destroyed=391.3  containment_rate=0%  |  vs heuristic: -100770.1 (heuristic: -19082.0)
    [eval @ ep 150] (train     ) topanga_ridge: avg_reward=-9828.1  avg_buildings_destroyed=31.7  containment_rate=0%  |  vs heuristic: -6381.8 (heuristic: -3446.3)
    [eval @ ep 150] (train     ) sullivan_canyon: avg_reward=-44016.3  avg_buildings_destroyed=162.7  containment_rate=0%  |  vs heuristic: -36194.8 (heuristic: -7821.5)
    [eval @ ep 150] (train     ) stone_canyon: avg_reward=-121631.7  avg_buildings_destroyed=417.3  containment_rate=0%  |  vs heuristic: -76251.8 (heuristic: -45379.9)
    [eval @ ep 150] (VALIDATION) mandeville_canyon: avg_reward=-17882.1  avg_buildings_destroyed=67.3  containment_rate=0%  |  vs heuristic: -17931.1 (heuristic: 49.0)
    [eval @ ep 150] (VALIDATION) getty_view_park: avg_reward=-81769.4  avg_buildings_destroyed=276.0  containment_rate=0%  |  vs heuristic: -81843.0 (heuristic: 73.6)
    [eval @ ep 150] combined avg reward across all 6 scenarios: -65830.0
    [ppo-kl] ep 160: approx_KL before epoch 1 = 0.00000  final = 0.12543  entropy=0.39575  epochs_run=0 minibatches_run=1  EARLY-STOPPED after 1 minibatch(es) (epoch 1, reason=kl)  ignition=(201,170)  n_ticks=7  timeout=False  other_grad_norm=125575.0
[status @ ep   160/500] episodes/min(last20)=  6.82  avg_reward(last20)=  -50729.3  entropy=0.396  policy_loss=  -0.000  value_loss=1293.433  class_loss=0.014  reward_scale_std=763.39  value_grad_norm=51822.5  other_grad_norm=125575.0  device=mps
    [anchor-flag probe] resource_logits(flag=0)=[-0.206, 0.866, 0.597, 0.192]  resource_logits(flag=1)=[-0.207, 0.874, 0.602, 0.193]  max_abs_diff=0.0084
  [checkpoint] saved /Users/ameygarg/COSMOS_FINAL/infernotactics/models/checkpoints_multi_v5/episode_0160.pt (and latest.pt, resume_state.pt)
    [grad-norm SPIKE] ep 173: other_grad_norm=244079.9 vs recent median=33966.7 (7.2x) -- watch next few episodes' entropy closely
    [grad-norm SPIKE] ep 178: other_grad_norm=132235.4 vs recent median=25444.2 (5.2x) -- watch next few episodes' entropy closely
    [grad-norm SPIKE] ep 179: other_grad_norm=654201.1 vs recent median=25444.2 (25.7x) -- watch next few episodes' entropy closely
    [grad-norm SPIKE] ep 180: other_grad_norm=167706.7 vs recent median=25444.2 (6.6x) -- watch next few episodes' entropy closely
    [ppo-kl] ep 180: approx_KL before epoch 1 = 0.00000  final = 0.00000  entropy=0.00000  epochs_run=0 minibatches_run=1  EARLY-STOPPED after 1 minibatch(es) (epoch 1, reason=entropy_floor+grad_spike)  ignition=(93,119)  n_ticks=150  timeout=True  other_grad_norm=167706.7
[status @ ep   180/500] episodes/min(last20)=  3.58  avg_reward(last20)=  -66477.1  entropy=0.000  policy_loss=  -0.180  value_loss= 163.523  class_loss=0.161  reward_scale_std=754.25  value_grad_norm=80707.2  other_grad_norm=167706.7  device=mps
    [anchor-flag probe] resource_logits(flag=0)=[-0.471, 1.41, 0.775, 0.199]  resource_logits(flag=1)=[-0.472, 1.417, 0.779, 0.2]  max_abs_diff=0.0068
  [checkpoint] saved /Users/ameygarg/COSMOS_FINAL/infernotactics/models/checkpoints_multi_v5/episode_0180.pt (and latest.pt, resume_state.pt)
    [grad-norm SPIKE] ep 185: other_grad_norm=226494.5 vs recent median=20159.0 (11.2x) -- watch next few episodes' entropy closely
    [grad-norm SPIKE] ep 189: other_grad_norm=104212.0 vs recent median=16998.1 (6.1x) -- watch next few episodes' entropy closely
    [grad-norm SPIKE] ep 191: other_grad_norm=207248.9 vs recent median=20159.0 (10.3x) -- watch next few episodes' entropy closely
    [grad-norm SPIKE] ep 193: other_grad_norm=776214.6 vs recent median=88316.4 (8.8x) -- watch next few episodes' entropy closely

[train-multi-v5] Caught interrupt (Ctrl+C or SIGTERM) after episode 195/500 -- saving checkpoint + resume state before exit.
  [checkpoint] saved /Users/ameygarg/COSMOS_FINAL/infernotactics/models/checkpoints_multi_v5/latest.pt and /Users/ameygarg/COSMOS_FINAL/infernotactics/models/checkpoints_multi_v5/resume_state.pt

=== Multi-ignition v4 (GAE + multi-epoch PPO + continuous ignition) summary (INTERRUPTED at episode 195/500) ===
Total wall time: 2342.4s  Overall episodes/min: 4.99
Policy loss: moved (range -0.453 to 0.538)
Value loss: moved (range 2.01 to 4.23e+03)
Classification loss: moved (range 0.00143 to 0.303)
Entropy: moved (range 3.61e-08 to 4.41)
Final reward_scale_normalizer: mean=-582.86 std=749.72 n=22492
Early-stopping: triggered in 118/195 episodes (61%), average stop after 2.3 minibatch(es)  -- by reason: {'kl': 96, 'entropy_floor+grad_spike': 22}  (KL_threshold=0.03, ENTROPY_FLOOR=0.005)
single_training eval-reward trajectory across the run (watch for mid-run collapse, not just the final number -- warm-started value was +32.1, 100% containment):
  ep    50: avg_reward=-119980.9
  ep   100: avg_reward=-119830.2
  ep   150: avg_reward=-119852.1
Ignition variety check: 168 unique points sampled out of 195 episodes; distance-to-nearest-named-point (grid cells): min=0.0 mean=72.0 max=172.2
Stochastic rollout reward (raw, unshaped), first->last episode: -148216.2 -> -134016.3
Stochastic rollout reward, mean first 20 vs last 20: -83692.3 vs -59414.4
Final deterministic eval (all 6 scenarios) vs heuristic baseline:
  (train     ) single_training: avg_reward=-119852.1  avg_buildings_destroyed=391.3  containment_rate=0%
    heuristic:   avg_reward=-19082.0  avg_buildings_destroyed=65.2  containment_rate=80%  (delta: -100770.1)
  (train     ) topanga_ridge: avg_reward=-9828.1  avg_buildings_destroyed=31.7  containment_rate=0%
    heuristic:   avg_reward=-3446.3  avg_buildings_destroyed=12.8  containment_rate=80%  (delta: -6381.8)
  (train     ) sullivan_canyon: avg_reward=-44016.3  avg_buildings_destroyed=162.7  containment_rate=0%
    heuristic:   avg_reward=-7821.5  avg_buildings_destroyed=31.6  containment_rate=80%  (delta: -36194.8)
  (train     ) stone_canyon: avg_reward=-121631.7  avg_buildings_destroyed=417.3  containment_rate=0%
    heuristic:   avg_reward=-45379.9  avg_buildings_destroyed=167.0  containment_rate=60%  (delta: -76251.8)
  (VALIDATION) mandeville_canyon: avg_reward=-17882.1  avg_buildings_destroyed=67.3  containment_rate=0%
    heuristic:   avg_reward=49.0  avg_buildings_destroyed=0.0  containment_rate=100%  (delta: -17931.1)
  (VALIDATION) getty_view_park: avg_reward=-81769.4  avg_buildings_destroyed=276.0  containment_rate=0%
    heuristic:   avg_reward=73.6  avg_buildings_destroyed=0.0  containment_rate=100%  (delta: -81843.0)
Best checkpoint: ep 100, combined avg eval reward = -65647.4 -> /Users/ameygarg/COSMOS_FINAL/infernotactics/models/checkpoints_multi_v5/best.pt
MPS errors encountered: none
Final device: mps
Latest checkpoint: /Users/ameygarg/COSMOS_FINAL/infernotactics/models/checkpoints_multi_v5/latest.pt
