[zonehead_fix:zonehead_fix1] target=400 episodes, device=mps  AUX_ZONE_LOSS_COEFF=0.1  training scenarios=['single_training', 'stone_canyon']
[InfernoEnv] Loading + preparing road routing graph from /Users/ameygarg/COSMOS_FINAL/infernotactics/data/roads.graphml ...
[InfernoEnv] Warning: 1/32 zones unreachable from LAFD Station 69 (Pacific Palisades) via the road graph (dispatches routed to this station specifically will be wasted there).
[InfernoEnv] Warning: 1/32 zones unreachable from LAFD Station 19 (Brentwood) via the road graph (dispatches routed to this station specifically will be wasted there).
[InfernoEnv] Warning: 1/32 zones unreachable from LAFD Station 23 (Palisades Highlands) via the road graph (dispatches routed to this station specifically will be wasted there).
[InfernoEnv] Warning: 1/32 zones unreachable from LAFD Station 37 (Westwood / UCLA) via the road graph (dispatches routed to this station specifically will be wasted there).
[InfernoEnv] Warning: 1/32 zones unreachable from LAFD Station 71 (Bel-Air / Holmby Hills) via the road graph (dispatches routed to this station specifically will be wasted there).
[InfernoEnv] Warning: 1/32 zones unreachable from LAFD Station 99 (Mulholland Drive) via the road graph (dispatches routed to this station specifically will be wasted there).
[InfernoEnv] Warning: 1/32 zones unreachable from LAFD Station 109 (Mulholland Drive / Brentwood) via the road graph (dispatches routed to this station specifically will be wasted there).
[zonehead_fix:zonehead_fix1] Warm-started from /Users/ameygarg/COSMOS_FINAL/infernotactics/models/checkpoints_bisect/episode_0260.pt -- zone_head cold (Fix 3), everything else loaded unchanged.
[status @ ep    20/400] scenario=single_training  avg_reward(last20)= -110630.9  aux_zone_loss=3.4923  resource_entropy=1.303/1.386  zone_entropy=3.437/3.466  device=mps

[zonehead_fix:zonehead_fix1] ===== eval @ ep 20 =====
    [eval @ ep 20] single_training: avg_reward=-119884.6  destroyed=391.3  containment=0%  action_lock=('trench_crew', 30) (41.3%)  vs heuristic: -100802.6 (heuristic: -19082.0)
    [eval @ ep 20] stone_canyon: avg_reward=-121664.3  destroyed=417.3  containment=0%  action_lock=('trench_crew', 30) (41.3%)  vs heuristic: -76284.4 (heuristic: -45379.9)
    [DIRECT TEST @ ep 20] (a) argmax zones: single_training=31 stone_canyon=31  DIFFER=False  |  (b) zone_logit-vs-real-fire corr: flat=-0.0442  per_obs_mean=0.0162
[zonehead_fix:zonehead_fix1] ===== end eval =====

[status @ ep    40/400] scenario=single_training  avg_reward(last20)= -114476.2  aux_zone_loss=3.5002  resource_entropy=1.288/1.386  zone_entropy=3.400/3.466  device=mps

[zonehead_fix:zonehead_fix1] ===== eval @ ep 40 =====
    [eval @ ep 40] single_training: avg_reward=-119867.9  destroyed=391.3  containment=0%  action_lock=('trench_crew', 31) (30.7%)  vs heuristic: -100785.9 (heuristic: -19082.0)
    [eval @ ep 40] stone_canyon: avg_reward=-121630.9  destroyed=417.3  containment=0%  action_lock=('trench_crew', 31) (30.7%)  vs heuristic: -76251.0 (heuristic: -45379.9)
    [DIRECT TEST @ ep 40] (a) argmax zones: single_training=31 stone_canyon=31  DIFFER=False  |  (b) zone_logit-vs-real-fire corr: flat=0.0207  per_obs_mean=0.0436
[zonehead_fix:zonehead_fix1] ===== end eval =====

[status @ ep    60/400] scenario=stone_canyon     avg_reward(last20)= -112369.4  aux_zone_loss=3.3751  resource_entropy=1.310/1.386  zone_entropy=3.436/3.466  device=mps

[zonehead_fix:zonehead_fix1] ===== eval @ ep 60 =====
    [eval @ ep 60] single_training: avg_reward=-119828.6  destroyed=391.3  containment=0%  action_lock=('rescue_vehicle', 31) (22.0%)  vs heuristic: -100746.6 (heuristic: -19082.0)
    [eval @ ep 60] stone_canyon: avg_reward=-121579.9  destroyed=417.3  containment=0%  action_lock=('rescue_vehicle', 31) (22.0%)  vs heuristic: -76200.0 (heuristic: -45379.9)
    [DIRECT TEST @ ep 60] (a) argmax zones: single_training=31 stone_canyon=31  DIFFER=False  |  (b) zone_logit-vs-real-fire corr: flat=-0.0102  per_obs_mean=0.0732
[zonehead_fix:zonehead_fix1] ===== end eval =====

[status @ ep    80/400] scenario=stone_canyon     avg_reward(last20)= -116187.6  aux_zone_loss=3.3205  resource_entropy=1.315/1.386  zone_entropy=3.455/3.466  device=mps

[zonehead_fix:zonehead_fix1] ===== eval @ ep 80 =====
    [eval @ ep 80] single_training: avg_reward=-119773.4  destroyed=391.0  containment=0%  action_lock=('water_team', 31) (38.0%)  vs heuristic: -100691.4 (heuristic: -19082.0)
    [eval @ ep 80] stone_canyon: avg_reward=-121605.2  destroyed=417.3  containment=0%  action_lock=('water_team', 31) (38.0%)  vs heuristic: -76225.3 (heuristic: -45379.9)
    [DIRECT TEST @ ep 80] (a) argmax zones: single_training=31 stone_canyon=31  DIFFER=False  |  (b) zone_logit-vs-real-fire corr: flat=-0.0251  per_obs_mean=0.1075
[zonehead_fix:zonehead_fix1] ===== end eval =====

