[multiscenario:v7] target=1500 episodes, device=mps  training scenarios=['single_training', 'topanga_ridge', 'sullivan_canyon', 'stone_canyon']  held-out=['getty_view_park', 'mandeville_canyon']
[InfernoEnv] Loading + preparing road routing graph from /Users/ameygarg/COSMOS_FINAL/infernotactics/data/roads.graphml ...
[InfernoEnv] Warning: 1/32 zones unreachable from LAFD Station 69 (Pacific Palisades) via the road graph (dispatches routed to this station specifically will be wasted there).
[InfernoEnv] Warning: 1/32 zones unreachable from LAFD Station 19 (Brentwood) via the road graph (dispatches routed to this station specifically will be wasted there).
[InfernoEnv] Warning: 1/32 zones unreachable from LAFD Station 23 (Palisades Highlands) via the road graph (dispatches routed to this station specifically will be wasted there).
[InfernoEnv] Warning: 1/32 zones unreachable from LAFD Station 37 (Westwood / UCLA) via the road graph (dispatches routed to this station specifically will be wasted there).
[InfernoEnv] Warning: 1/32 zones unreachable from LAFD Station 71 (Bel-Air / Holmby Hills) via the road graph (dispatches routed to this station specifically will be wasted there).
[InfernoEnv] Warning: 1/32 zones unreachable from LAFD Station 99 (Mulholland Drive) via the road graph (dispatches routed to this station specifically will be wasted there).
[InfernoEnv] Warning: 1/32 zones unreachable from LAFD Station 109 (Mulholland Drive / Brentwood) via the road graph (dispatches routed to this station specifically will be wasted there).
[InfernoEnv] Loading + preparing road routing graph from /Users/ameygarg/COSMOS_FINAL/infernotactics/data/roads.graphml ...
[InfernoEnv] Warning: 1/32 zones unreachable from LAFD Station 69 (Pacific Palisades) via the road graph (dispatches routed to this station specifically will be wasted there).
[InfernoEnv] Warning: 1/32 zones unreachable from LAFD Station 19 (Brentwood) via the road graph (dispatches routed to this station specifically will be wasted there).
[InfernoEnv] Warning: 1/32 zones unreachable from LAFD Station 23 (Palisades Highlands) via the road graph (dispatches routed to this station specifically will be wasted there).
[InfernoEnv] Warning: 1/32 zones unreachable from LAFD Station 37 (Westwood / UCLA) via the road graph (dispatches routed to this station specifically will be wasted there).
[InfernoEnv] Warning: 1/32 zones unreachable from LAFD Station 71 (Bel-Air / Holmby Hills) via the road graph (dispatches routed to this station specifically will be wasted there).
[InfernoEnv] Warning: 1/32 zones unreachable from LAFD Station 99 (Mulholland Drive) via the road graph (dispatches routed to this station specifically will be wasted there).
[InfernoEnv] Warning: 1/32 zones unreachable from LAFD Station 109 (Mulholland Drive / Brentwood) via the road graph (dispatches routed to this station specifically will be wasted there).
[multiscenario:v7] Warm-started from /Users/ameygarg/COSMOS_FINAL/infernotactics/models/checkpoints_bisect/episode_0260.pt (fresh optimizer/normalizer).
[status @ ep    20/1500] scenario=stone_canyon     avg_reward(last20)=  -40335.7  resource_entropy=1.304/1.386  zone_entropy=3.143/3.466  collapse_streak=0  device=mps
    [eval @ ep 20] single_training: avg_reward=42.4  destroyed=0.0  containment=100%  action_lock=('helicopter', 18) (100.0%)  vs heuristic: +19124.4 (heuristic: -19082.0)
    [eval @ ep 20] topanga_ridge: avg_reward=-9843.1  destroyed=31.7  containment=0%  action_lock=('trench_crew', 19) (58.7%)  vs heuristic: -6396.8 (heuristic: -3446.3)
    [eval @ ep 20] sullivan_canyon: avg_reward=-42141.1  destroyed=154.7  containment=0%  action_lock=('trench_crew', 19) (58.7%)  vs heuristic: -34319.6 (heuristic: -7821.5)
    [eval @ ep 20] stone_canyon: avg_reward=-121646.7  destroyed=417.3  containment=0%  action_lock=('trench_crew', 19) (58.7%)  vs heuristic: -76266.8 (heuristic: -45379.9)
    [eval @ ep 20] mandeville_canyon [HELD-OUT]: avg_reward=-17897.1  destroyed=67.3  containment=0%  action_lock=('trench_crew', 19) (58.7%)  vs heuristic: -17946.1 (heuristic: 49.0)
    [eval @ ep 20] getty_view_park [HELD-OUT]: avg_reward=-81784.4  destroyed=276.0  containment=0%  action_lock=('trench_crew', 19) (58.7%)  vs heuristic: -81858.0 (heuristic: 73.6)
[status @ ep    40/1500] scenario=single_training  avg_reward(last20)=  -66830.3  resource_entropy=1.296/1.386  zone_entropy=3.220/3.466  collapse_streak=0  device=mps
    [eval @ ep 40] single_training: avg_reward=42.4  destroyed=0.0  containment=100%  action_lock=('helicopter', 18) (100.0%)  vs heuristic: +19124.4 (heuristic: -19082.0)
    [eval @ ep 40] topanga_ridge: avg_reward=-9657.3  destroyed=31.7  containment=0%  action_lock=('helicopter', 18) (42.0%)  vs heuristic: -6211.0 (heuristic: -3446.3)
    [eval @ ep 40] sullivan_canyon: avg_reward=-48035.2  destroyed=179.3  containment=0%  action_lock=('helicopter', 18) (42.0%)  vs heuristic: -40213.7 (heuristic: -7821.5)
    [eval @ ep 40] stone_canyon: avg_reward=-121460.9  destroyed=417.3  containment=0%  action_lock=('helicopter', 18) (42.0%)  vs heuristic: -76081.0 (heuristic: -45379.9)
    [eval @ ep 40] mandeville_canyon [HELD-OUT]: avg_reward=-17711.2  destroyed=67.3  containment=0%  action_lock=('helicopter', 18) (42.0%)  vs heuristic: -17760.2 (heuristic: 49.0)
    [eval @ ep 40] getty_view_park [HELD-OUT]: avg_reward=-81598.5  destroyed=276.0  containment=0%  action_lock=('helicopter', 18) (42.0%)  vs heuristic: -81672.1 (heuristic: 73.6)
[status @ ep    60/1500] scenario=single_training  avg_reward(last20)=  -45639.8  resource_entropy=1.331/1.386  zone_entropy=3.204/3.466  collapse_streak=0  device=mps
    [eval @ ep 60] single_training: avg_reward=-121021.9  destroyed=395.3  containment=0%  action_lock=('trench_crew', 19) (66.0%)  vs heuristic: -101939.9 (heuristic: -19082.0)
    [eval @ ep 60] topanga_ridge: avg_reward=-9885.2  destroyed=31.7  containment=0%  action_lock=('trench_crew', 19) (66.0%)  vs heuristic: -6438.9 (heuristic: -3446.3)
    [eval @ ep 60] sullivan_canyon: avg_reward=-46903.1  destroyed=173.0  containment=0%  action_lock=('trench_crew', 19) (66.0%)  vs heuristic: -39081.6 (heuristic: -7821.5)
    [eval @ ep 60] stone_canyon: avg_reward=-35048.6  destroyed=120.0  containment=67%  action_lock=('trench_crew', 19) (63.5%)  vs heuristic: +10331.3 (heuristic: -45379.9)
    [eval @ ep 60] mandeville_canyon [HELD-OUT]: avg_reward=-17939.2  destroyed=67.3  containment=0%  action_lock=('trench_crew', 19) (66.0%)  vs heuristic: -17988.2 (heuristic: 49.0)
    [eval @ ep 60] getty_view_park [HELD-OUT]: avg_reward=-81826.5  destroyed=276.0  containment=0%  action_lock=('trench_crew', 19) (66.0%)  vs heuristic: -81900.1 (heuristic: 73.6)
[status @ ep    80/1500] scenario=stone_canyon     avg_reward(last20)=  -86930.3  resource_entropy=1.321/1.386  zone_entropy=3.332/3.466  collapse_streak=0  device=mps
    [eval @ ep 80] single_training: avg_reward=-104678.5  destroyed=344.0  containment=0%  action_lock=('helicopter', 19) (46.0%)  vs heuristic: -85596.5 (heuristic: -19082.0)
    [eval @ ep 80] topanga_ridge: avg_reward=-9665.9  destroyed=31.7  containment=0%  action_lock=('helicopter', 19) (46.0%)  vs heuristic: -6219.6 (heuristic: -3446.3)
    [eval @ ep 80] sullivan_canyon: avg_reward=-47979.8  destroyed=178.3  containment=0%  action_lock=('helicopter', 19) (46.0%)  vs heuristic: -40158.3 (heuristic: -7821.5)
    [eval @ ep 80] stone_canyon: avg_reward=-34975.4  destroyed=120.0  containment=67%  action_lock=('helicopter', 19) (44.2%)  vs heuristic: +10404.5 (heuristic: -45379.9)
    [eval @ ep 80] mandeville_canyon [HELD-OUT]: avg_reward=-17719.8  destroyed=67.3  containment=0%  action_lock=('helicopter', 19) (46.0%)  vs heuristic: -17768.8 (heuristic: 49.0)
    [eval @ ep 80] getty_view_park [HELD-OUT]: avg_reward=-81607.1  destroyed=276.0  containment=0%  action_lock=('helicopter', 19) (46.0%)  vs heuristic: -81680.7 (heuristic: 73.6)
[status @ ep   100/1500] scenario=single_training  avg_reward(last20)=  -86802.9  resource_entropy=1.316/1.386  zone_entropy=3.289/3.466  collapse_streak=0  device=mps

[multiscenario:v7] ===== MILESTONE @ ep 100 =====
    [eval @ ep 100] single_training: avg_reward=42.4  destroyed=0.0  containment=100%  action_lock=('helicopter', 18) (100.0%)  vs heuristic: +19124.4 (heuristic: -19082.0)
    [eval @ ep 100] topanga_ridge: avg_reward=-9658.1  destroyed=31.7  containment=0%  action_lock=('helicopter', 19) (28.7%)  vs heuristic: -6211.8 (heuristic: -3446.3)
    [eval @ ep 100] sullivan_canyon: avg_reward=-38404.0  destroyed=144.7  containment=0%  action_lock=('helicopter', 19) (28.7%)  vs heuristic: -30582.5 (heuristic: -7821.5)
    [eval @ ep 100] stone_canyon: avg_reward=-121461.7  destroyed=417.3  containment=0%  action_lock=('helicopter', 19) (28.7%)  vs heuristic: -76081.8 (heuristic: -45379.9)
    [eval @ ep 100] mandeville_canyon [HELD-OUT]: avg_reward=-17712.1  destroyed=67.3  containment=0%  action_lock=('helicopter', 19) (28.7%)  vs heuristic: -17761.1 (heuristic: 49.0)
    [eval @ ep 100] getty_view_park [HELD-OUT]: avg_reward=-81599.4  destroyed=276.0  containment=0%  action_lock=('helicopter', 19) (28.7%)  vs heuristic: -81673.0 (heuristic: 73.6)
[multiscenario:v7] ===== end milestone =====

[status @ ep   120/1500] scenario=topanga_ridge    avg_reward(last20)=  -62172.9  resource_entropy=1.355/1.386  zone_entropy=3.266/3.466  collapse_streak=0  device=mps
    [eval @ ep 120] single_training: avg_reward=42.4  destroyed=0.0  containment=100%  action_lock=('helicopter', 18) (100.0%)  vs heuristic: +19124.4 (heuristic: -19082.0)
    [eval @ ep 120] topanga_ridge: avg_reward=-9639.7  destroyed=31.7  containment=0%  action_lock=('helicopter', 19) (46.7%)  vs heuristic: -6193.4 (heuristic: -3446.3)
    [eval @ ep 120] sullivan_canyon: avg_reward=-37722.2  destroyed=140.7  containment=0%  action_lock=('helicopter', 19) (46.7%)  vs heuristic: -29900.7 (heuristic: -7821.5)
    [eval @ ep 120] stone_canyon: avg_reward=-121443.2  destroyed=417.3  containment=0%  action_lock=('helicopter', 19) (46.7%)  vs heuristic: -76063.3 (heuristic: -45379.9)
    [eval @ ep 120] mandeville_canyon [HELD-OUT]: avg_reward=-17693.5  destroyed=67.3  containment=0%  action_lock=('helicopter', 19) (46.7%)  vs heuristic: -17742.5 (heuristic: 49.0)
    [eval @ ep 120] getty_view_park [HELD-OUT]: avg_reward=-81580.8  destroyed=276.0  containment=0%  action_lock=('helicopter', 19) (46.7%)  vs heuristic: -81654.4 (heuristic: 73.6)
[status @ ep   140/1500] scenario=single_training  avg_reward(last20)=  -71174.8  resource_entropy=1.364/1.386  zone_entropy=3.308/3.466  collapse_streak=0  device=mps
    [eval @ ep 140] single_training: avg_reward=-112141.2  destroyed=367.0  containment=0%  action_lock=('helicopter', 19) (42.7%)  vs heuristic: -93059.2 (heuristic: -19082.0)
    [eval @ ep 140] topanga_ridge: avg_reward=-9707.5  destroyed=31.7  containment=0%  action_lock=('helicopter', 19) (42.7%)  vs heuristic: -6261.2 (heuristic: -3446.3)
    [eval @ ep 140] sullivan_canyon: avg_reward=-41592.2  destroyed=154.3  containment=0%  action_lock=('helicopter', 19) (42.7%)  vs heuristic: -33770.7 (heuristic: -7821.5)
    [eval @ ep 140] stone_canyon: avg_reward=-49958.9  destroyed=171.7  containment=67%  action_lock=('helicopter', 19) (41.0%)  vs heuristic: -4579.0 (heuristic: -45379.9)
    [eval @ ep 140] mandeville_canyon [HELD-OUT]: avg_reward=-17761.5  destroyed=67.3  containment=0%  action_lock=('helicopter', 19) (42.7%)  vs heuristic: -17810.5 (heuristic: 49.0)
    [eval @ ep 140] getty_view_park [HELD-OUT]: avg_reward=-81648.8  destroyed=276.0  containment=0%  action_lock=('helicopter', 19) (42.7%)  vs heuristic: -81722.4 (heuristic: 73.6)
[status @ ep   160/1500] scenario=single_training  avg_reward(last20)=  -83406.8  resource_entropy=1.375/1.386  zone_entropy=3.323/3.466  collapse_streak=0  device=mps
    [eval @ ep 160] single_training: avg_reward=-126125.8  destroyed=414.3  containment=0%  action_lock=('helicopter', 19) (58.7%)  vs heuristic: -107043.8 (heuristic: -19082.0)
    [eval @ ep 160] topanga_ridge: avg_reward=-9611.7  destroyed=31.7  containment=0%  action_lock=('helicopter', 19) (58.7%)  vs heuristic: -6165.4 (heuristic: -3446.3)
    [eval @ ep 160] sullivan_canyon: avg_reward=-42286.6  destroyed=160.7  containment=0%  action_lock=('helicopter', 19) (58.7%)  vs heuristic: -34465.1 (heuristic: -7821.5)
    [eval @ ep 160] stone_canyon: avg_reward=-34957.4  destroyed=120.0  containment=67%  action_lock=('helicopter', 19) (56.4%)  vs heuristic: +10422.5 (heuristic: -45379.9)
    [eval @ ep 160] mandeville_canyon [HELD-OUT]: avg_reward=-17665.7  destroyed=67.3  containment=0%  action_lock=('helicopter', 19) (58.7%)  vs heuristic: -17714.7 (heuristic: 49.0)
    [eval @ ep 160] getty_view_park [HELD-OUT]: avg_reward=-81553.0  destroyed=276.0  containment=0%  action_lock=('helicopter', 19) (58.7%)  vs heuristic: -81626.6 (heuristic: 73.6)
[status @ ep   180/1500] scenario=sullivan_canyon  avg_reward(last20)=  -60916.4  resource_entropy=1.373/1.386  zone_entropy=3.301/3.466  collapse_streak=0  device=mps
    [eval @ ep 180] single_training: avg_reward=-122195.5  destroyed=400.7  containment=0%  action_lock=('helicopter', 19) (45.3%)  vs heuristic: -103113.5 (heuristic: -19082.0)
    [eval @ ep 180] topanga_ridge: avg_reward=-9695.3  destroyed=31.7  containment=0%  action_lock=('helicopter', 19) (45.3%)  vs heuristic: -6249.0 (heuristic: -3446.3)
    [eval @ ep 180] sullivan_canyon: avg_reward=-45783.8  destroyed=173.3  containment=0%  action_lock=('helicopter', 19) (45.3%)  vs heuristic: -37962.3 (heuristic: -7821.5)
    [eval @ ep 180] stone_canyon: avg_reward=-34985.2  destroyed=120.0  containment=67%  action_lock=('helicopter', 19) (43.6%)  vs heuristic: +10394.7 (heuristic: -45379.9)
    [eval @ ep 180] mandeville_canyon [HELD-OUT]: avg_reward=-17749.2  destroyed=67.3  containment=0%  action_lock=('helicopter', 19) (45.3%)  vs heuristic: -17798.2 (heuristic: 49.0)
    [eval @ ep 180] getty_view_park [HELD-OUT]: avg_reward=-81636.5  destroyed=276.0  containment=0%  action_lock=('helicopter', 19) (45.3%)  vs heuristic: -81710.1 (heuristic: 73.6)
[status @ ep   200/1500] scenario=single_training  avg_reward(last20)=  -77062.5  resource_entropy=1.380/1.386  zone_entropy=3.328/3.466  collapse_streak=0  device=mps
    [eval @ ep 200] single_training: avg_reward=-128600.8  destroyed=421.3  containment=0%  action_lock=('helicopter', 19) (61.3%)  vs heuristic: -109518.8 (heuristic: -19082.0)
    [eval @ ep 200] topanga_ridge: avg_reward=-9626.4  destroyed=31.7  containment=0%  action_lock=('helicopter', 19) (61.3%)  vs heuristic: -6180.1 (heuristic: -3446.3)
    [eval @ ep 200] sullivan_canyon: avg_reward=-41924.5  destroyed=155.3  containment=0%  action_lock=('helicopter', 19) (61.3%)  vs heuristic: -34103.0 (heuristic: -7821.5)
    [eval @ ep 200] stone_canyon: avg_reward=-49931.9  destroyed=171.7  containment=67%  action_lock=('helicopter', 19) (59.0%)  vs heuristic: -4552.0 (heuristic: -45379.9)
    [eval @ ep 200] mandeville_canyon [HELD-OUT]: avg_reward=-17680.4  destroyed=67.3  containment=0%  action_lock=('helicopter', 19) (61.3%)  vs heuristic: -17729.4 (heuristic: 49.0)
    [eval @ ep 200] getty_view_park [HELD-OUT]: avg_reward=-81567.7  destroyed=276.0  containment=0%  action_lock=('helicopter', 19) (61.3%)  vs heuristic: -81641.3 (heuristic: 73.6)
[status @ ep   220/1500] scenario=single_training  avg_reward(last20)=  -66069.8  resource_entropy=1.372/1.386  zone_entropy=3.337/3.466  collapse_streak=0  device=mps
    [eval @ ep 220] single_training: avg_reward=-122739.1  destroyed=402.7  containment=0%  action_lock=('helicopter', 28) (34.7%)  vs heuristic: -103657.1 (heuristic: -19082.0)
    [eval @ ep 220] topanga_ridge: avg_reward=-9646.4  destroyed=31.7  containment=0%  action_lock=('helicopter', 28) (34.7%)  vs heuristic: -6200.1 (heuristic: -3446.3)
    [eval @ ep 220] sullivan_canyon: avg_reward=-41660.9  destroyed=156.0  containment=0%  action_lock=('helicopter', 28) (34.7%)  vs heuristic: -33839.4 (heuristic: -7821.5)
    [eval @ ep 220] stone_canyon: avg_reward=-49938.6  destroyed=171.7  containment=67%  action_lock=('helicopter', 28) (33.3%)  vs heuristic: -4558.7 (heuristic: -45379.9)
    [eval @ ep 220] mandeville_canyon [HELD-OUT]: avg_reward=-17700.4  destroyed=67.3  containment=0%  action_lock=('helicopter', 28) (34.7%)  vs heuristic: -17749.4 (heuristic: 49.0)
    [eval @ ep 220] getty_view_park [HELD-OUT]: avg_reward=-81587.7  destroyed=276.0  containment=0%  action_lock=('helicopter', 28) (34.7%)  vs heuristic: -81661.3 (heuristic: 73.6)
[status @ ep   240/1500] scenario=sullivan_canyon  avg_reward(last20)=  -65784.1  resource_entropy=1.371/1.386  zone_entropy=3.340/3.466  collapse_streak=0  device=mps
    [eval @ ep 240] single_training: avg_reward=-118439.0  destroyed=389.7  containment=0%  action_lock=('helicopter', 19) (50.0%)  vs heuristic: -99357.0 (heuristic: -19082.0)
    [eval @ ep 240] topanga_ridge: avg_reward=-9597.9  destroyed=31.7  containment=0%  action_lock=('helicopter', 19) (50.0%)  vs heuristic: -6151.6 (heuristic: -3446.3)
    [eval @ ep 240] sullivan_canyon: avg_reward=-39732.5  destroyed=147.7  containment=0%  action_lock=('helicopter', 19) (50.0%)  vs heuristic: -31911.0 (heuristic: -7821.5)
    [eval @ ep 240] stone_canyon: avg_reward=-49922.4  destroyed=171.7  containment=67%  action_lock=('helicopter', 19) (48.1%)  vs heuristic: -4542.5 (heuristic: -45379.9)
    [eval @ ep 240] mandeville_canyon [HELD-OUT]: avg_reward=-17651.9  destroyed=67.3  containment=0%  action_lock=('helicopter', 19) (50.0%)  vs heuristic: -17700.9 (heuristic: 49.0)
    [eval @ ep 240] getty_view_park [HELD-OUT]: avg_reward=-81539.2  destroyed=276.0  containment=0%  action_lock=('helicopter', 19) (50.0%)  vs heuristic: -81612.8 (heuristic: 73.6)
[status @ ep   260/1500] scenario=single_training  avg_reward(last20)=  -93405.9  resource_entropy=1.353/1.386  zone_entropy=3.322/3.466  collapse_streak=0  device=mps
    [eval @ ep 260] single_training: avg_reward=-119731.1  destroyed=392.3  containment=0%  action_lock=('helicopter', 28) (79.3%)  vs heuristic: -100649.1 (heuristic: -19082.0)
    [eval @ ep 260] topanga_ridge: avg_reward=-9537.2  destroyed=31.7  containment=0%  action_lock=('helicopter', 28) (79.3%)  vs heuristic: -6090.9 (heuristic: -3446.3)
    [eval @ ep 260] sullivan_canyon: avg_reward=-47026.0  destroyed=174.3  containment=0%  action_lock=('helicopter', 28) (79.3%)  vs heuristic: -39204.5 (heuristic: -7821.5)
    [eval @ ep 260] stone_canyon: avg_reward=-49902.2  destroyed=171.7  containment=67%  action_lock=('helicopter', 28) (76.3%)  vs heuristic: -4522.3 (heuristic: -45379.9)
    [eval @ ep 260] mandeville_canyon [HELD-OUT]: avg_reward=-17591.2  destroyed=67.3  containment=0%  action_lock=('helicopter', 28) (79.3%)  vs heuristic: -17640.2 (heuristic: 49.0)
    [eval @ ep 260] getty_view_park [HELD-OUT]: avg_reward=-81478.5  destroyed=276.0  containment=0%  action_lock=('helicopter', 28) (79.3%)  vs heuristic: -81552.1 (heuristic: 73.6)
[status @ ep   280/1500] scenario=single_training  avg_reward(last20)=  -76348.9  resource_entropy=1.350/1.386  zone_entropy=3.276/3.466  collapse_streak=0  device=mps
    [eval @ ep 280] single_training: avg_reward=-122110.4  destroyed=400.0  containment=0%  action_lock=('helicopter', 28) (66.7%)  vs heuristic: -103028.4 (heuristic: -19082.0)
    [eval @ ep 280] topanga_ridge: avg_reward=-9578.4  destroyed=31.7  containment=0%  action_lock=('helicopter', 28) (66.7%)  vs heuristic: -6132.1 (heuristic: -3446.3)
    [eval @ ep 280] sullivan_canyon: avg_reward=-46349.6  destroyed=172.0  containment=0%  action_lock=('helicopter', 28) (66.7%)  vs heuristic: -38528.1 (heuristic: -7821.5)
    [eval @ ep 280] stone_canyon: avg_reward=-49915.9  destroyed=171.7  containment=67%  action_lock=('helicopter', 28) (64.1%)  vs heuristic: -4536.0 (heuristic: -45379.9)
    [eval @ ep 280] mandeville_canyon [HELD-OUT]: avg_reward=-17632.4  destroyed=67.3  containment=0%  action_lock=('helicopter', 28) (66.7%)  vs heuristic: -17681.4 (heuristic: 49.0)
    [eval @ ep 280] getty_view_park [HELD-OUT]: avg_reward=-81519.6  destroyed=276.0  containment=0%  action_lock=('helicopter', 28) (66.7%)  vs heuristic: -81593.2 (heuristic: 73.6)
[status @ ep   300/1500] scenario=sullivan_canyon  avg_reward(last20)=  -63735.7  resource_entropy=1.365/1.386  zone_entropy=3.313/3.466  collapse_streak=0  device=mps

[multiscenario:v7] ===== MILESTONE @ ep 300 =====
    [eval @ ep 300] single_training: avg_reward=-114929.3  destroyed=377.0  containment=0%  action_lock=('helicopter', 19) (51.3%)  vs heuristic: -95847.3 (heuristic: -19082.0)
    [eval @ ep 300] topanga_ridge: avg_reward=-9597.0  destroyed=31.7  containment=0%  action_lock=('helicopter', 19) (51.3%)  vs heuristic: -6150.7 (heuristic: -3446.3)
    [eval @ ep 300] sullivan_canyon: avg_reward=-41784.6  destroyed=154.0  containment=0%  action_lock=('helicopter', 19) (51.3%)  vs heuristic: -33963.1 (heuristic: -7821.5)
    [eval @ ep 300] stone_canyon: avg_reward=-49922.1  destroyed=171.7  containment=67%  action_lock=('helicopter', 19) (49.4%)  vs heuristic: -4542.2 (heuristic: -45379.9)
    [eval @ ep 300] mandeville_canyon [HELD-OUT]: avg_reward=-17650.9  destroyed=67.3  containment=0%  action_lock=('helicopter', 19) (51.3%)  vs heuristic: -17699.9 (heuristic: 49.0)
    [eval @ ep 300] getty_view_park [HELD-OUT]: avg_reward=-81538.2  destroyed=276.0  containment=0%  action_lock=('helicopter', 19) (51.3%)  vs heuristic: -81611.8 (heuristic: 73.6)
[multiscenario:v7] ===== end milestone =====

[status @ ep   320/1500] scenario=topanga_ridge    avg_reward(last20)=  -56382.6  resource_entropy=1.371/1.386  zone_entropy=3.355/3.466  collapse_streak=0  device=mps
    [eval @ ep 320] single_training: avg_reward=-116392.9  destroyed=381.7  containment=0%  action_lock=('helicopter', 19) (48.7%)  vs heuristic: -97310.9 (heuristic: -19082.0)
    [eval @ ep 320] topanga_ridge: avg_reward=-9597.8  destroyed=31.7  containment=0%  action_lock=('helicopter', 19) (48.7%)  vs heuristic: -6151.5 (heuristic: -3446.3)
    [eval @ ep 320] sullivan_canyon: avg_reward=-41723.0  destroyed=157.0  containment=0%  action_lock=('helicopter', 19) (48.7%)  vs heuristic: -33901.5 (heuristic: -7821.5)
    [eval @ ep 320] stone_canyon: avg_reward=-49922.4  destroyed=171.7  containment=67%  action_lock=('helicopter', 19) (46.8%)  vs heuristic: -4542.5 (heuristic: -45379.9)
    [eval @ ep 320] mandeville_canyon [HELD-OUT]: avg_reward=-17651.7  destroyed=67.3  containment=0%  action_lock=('helicopter', 19) (48.7%)  vs heuristic: -17700.7 (heuristic: 49.0)
    [eval @ ep 320] getty_view_park [HELD-OUT]: avg_reward=-81539.0  destroyed=276.0  containment=0%  action_lock=('helicopter', 19) (48.7%)  vs heuristic: -81612.6 (heuristic: 73.6)
[status @ ep   340/1500] scenario=topanga_ridge    avg_reward(last20)=  -64297.2  resource_entropy=1.362/1.386  zone_entropy=3.377/3.466  collapse_streak=0  device=mps
    [eval @ ep 340] single_training: avg_reward=-115794.4  destroyed=380.0  containment=0%  action_lock=('helicopter', 19) (45.3%)  vs heuristic: -96712.4 (heuristic: -19082.0)
    [eval @ ep 340] topanga_ridge: avg_reward=-9518.2  destroyed=31.7  containment=0%  action_lock=('helicopter', 19) (45.3%)  vs heuristic: -6071.9 (heuristic: -3446.3)
    [eval @ ep 340] sullivan_canyon: avg_reward=-40111.1  destroyed=151.0  containment=0%  action_lock=('helicopter', 19) (45.3%)  vs heuristic: -32289.6 (heuristic: -7821.5)
    [eval @ ep 340] stone_canyon: avg_reward=-34926.2  destroyed=120.0  containment=67%  action_lock=('helicopter', 19) (43.6%)  vs heuristic: +10453.7 (heuristic: -45379.9)
    [eval @ ep 340] mandeville_canyon [HELD-OUT]: avg_reward=-17572.2  destroyed=67.3  containment=0%  action_lock=('helicopter', 19) (45.3%)  vs heuristic: -17621.2 (heuristic: 49.0)
    [eval @ ep 340] getty_view_park [HELD-OUT]: avg_reward=-81459.5  destroyed=276.0  containment=0%  action_lock=('helicopter', 19) (45.3%)  vs heuristic: -81533.1 (heuristic: 73.6)
[status @ ep   360/1500] scenario=stone_canyon     avg_reward(last20)=  -88021.7  resource_entropy=1.352/1.386  zone_entropy=3.368/3.466  collapse_streak=0  device=mps
    [eval @ ep 360] single_training: avg_reward=-115685.7  destroyed=380.0  containment=0%  action_lock=('helicopter', 28) (69.3%)  vs heuristic: -96603.7 (heuristic: -19082.0)
    [eval @ ep 360] topanga_ridge: avg_reward=-9535.3  destroyed=31.7  containment=0%  action_lock=('helicopter', 28) (69.3%)  vs heuristic: -6089.0 (heuristic: -3446.3)
    [eval @ ep 360] sullivan_canyon: avg_reward=-47594.2  destroyed=177.0  containment=0%  action_lock=('helicopter', 28) (69.3%)  vs heuristic: -39772.7 (heuristic: -7821.5)
    [eval @ ep 360] stone_canyon: avg_reward=-49901.5  destroyed=171.7  containment=67%  action_lock=('helicopter', 28) (66.7%)  vs heuristic: -4521.6 (heuristic: -45379.9)
    [eval @ ep 360] mandeville_canyon [HELD-OUT]: avg_reward=-17589.2  destroyed=67.3  containment=0%  action_lock=('helicopter', 28) (69.3%)  vs heuristic: -17638.2 (heuristic: 49.0)
    [eval @ ep 360] getty_view_park [HELD-OUT]: avg_reward=-81476.5  destroyed=276.0  containment=0%  action_lock=('helicopter', 28) (69.3%)  vs heuristic: -81550.1 (heuristic: 73.6)
[status @ ep   380/1500] scenario=single_training  avg_reward(last20)=  -77911.9  resource_entropy=1.351/1.386  zone_entropy=3.360/3.466  collapse_streak=0  device=mps
    [eval @ ep 380] single_training: avg_reward=-120686.9  destroyed=395.7  containment=0%  action_lock=('helicopter', 28) (72.7%)  vs heuristic: -101604.9 (heuristic: -19082.0)
    [eval @ ep 380] topanga_ridge: avg_reward=-9549.1  destroyed=31.7  containment=0%  action_lock=('helicopter', 28) (72.7%)  vs heuristic: -6102.8 (heuristic: -3446.3)
    [eval @ ep 380] sullivan_canyon: avg_reward=-46221.9  destroyed=171.7  containment=0%  action_lock=('helicopter', 28) (72.7%)  vs heuristic: -38400.4 (heuristic: -7821.5)
    [eval @ ep 380] stone_canyon: avg_reward=-49906.1  destroyed=171.7  containment=67%  action_lock=('helicopter', 28) (69.9%)  vs heuristic: -4526.2 (heuristic: -45379.9)
    [eval @ ep 380] mandeville_canyon [HELD-OUT]: avg_reward=-17603.0  destroyed=67.3  containment=0%  action_lock=('helicopter', 28) (72.7%)  vs heuristic: -17652.0 (heuristic: 49.0)
    [eval @ ep 380] getty_view_park [HELD-OUT]: avg_reward=-81490.3  destroyed=276.0  containment=0%  action_lock=('helicopter', 28) (72.7%)  vs heuristic: -81563.9 (heuristic: 73.6)
[status @ ep   400/1500] scenario=sullivan_canyon  avg_reward(last20)=  -80084.0  resource_entropy=1.358/1.386  zone_entropy=3.368/3.466  collapse_streak=0  device=mps
    [eval @ ep 400] single_training: avg_reward=-119814.7  destroyed=392.3  containment=0%  action_lock=('helicopter', 28) (76.7%)  vs heuristic: -100732.7 (heuristic: -19082.0)
    [eval @ ep 400] topanga_ridge: avg_reward=-9597.5  destroyed=31.7  containment=0%  action_lock=('helicopter', 28) (76.7%)  vs heuristic: -6151.2 (heuristic: -3446.3)
    [eval @ ep 400] sullivan_canyon: avg_reward=-47112.9  destroyed=174.3  containment=0%  action_lock=('helicopter', 28) (76.7%)  vs heuristic: -39291.4 (heuristic: -7821.5)
    [eval @ ep 400] stone_canyon: avg_reward=-49922.3  destroyed=171.7  containment=67%  action_lock=('helicopter', 28) (73.7%)  vs heuristic: -4542.4 (heuristic: -45379.9)
    [eval @ ep 400] mandeville_canyon [HELD-OUT]: avg_reward=-17651.4  destroyed=67.3  containment=0%  action_lock=('helicopter', 28) (76.7%)  vs heuristic: -17700.4 (heuristic: 49.0)
    [eval @ ep 400] getty_view_park [HELD-OUT]: avg_reward=-81538.7  destroyed=276.0  containment=0%  action_lock=('helicopter', 28) (76.7%)  vs heuristic: -81612.3 (heuristic: 73.6)
[status @ ep   420/1500] scenario=sullivan_canyon  avg_reward(last20)=  -69100.0  resource_entropy=1.362/1.386  zone_entropy=3.357/3.466  collapse_streak=0  device=mps
    [eval @ ep 420] single_training: avg_reward=-117981.4  destroyed=387.7  containment=0%  action_lock=('helicopter', 28) (65.3%)  vs heuristic: -98899.4 (heuristic: -19082.0)
    [eval @ ep 420] topanga_ridge: avg_reward=-9534.8  destroyed=31.7  containment=0%  action_lock=('helicopter', 28) (65.3%)  vs heuristic: -6088.5 (heuristic: -3446.3)
    [eval @ ep 420] sullivan_canyon: avg_reward=-45471.2  destroyed=168.0  containment=0%  action_lock=('helicopter', 28) (65.3%)  vs heuristic: -37649.7 (heuristic: -7821.5)
    [eval @ ep 420] stone_canyon: avg_reward=-49901.4  destroyed=171.7  containment=67%  action_lock=('helicopter', 28) (62.8%)  vs heuristic: -4521.5 (heuristic: -45379.9)
    [eval @ ep 420] mandeville_canyon [HELD-OUT]: avg_reward=-17588.7  destroyed=67.3  containment=0%  action_lock=('helicopter', 28) (65.3%)  vs heuristic: -17637.7 (heuristic: 49.0)
    [eval @ ep 420] getty_view_park [HELD-OUT]: avg_reward=-81476.0  destroyed=276.0  containment=0%  action_lock=('helicopter', 28) (65.3%)  vs heuristic: -81549.6 (heuristic: 73.6)
[status @ ep   440/1500] scenario=stone_canyon     avg_reward(last20)=  -63000.0  resource_entropy=1.373/1.386  zone_entropy=3.380/3.466  collapse_streak=0  device=mps
    [eval @ ep 440] single_training: avg_reward=-114082.4  destroyed=375.3  containment=0%  action_lock=('helicopter', 19) (59.3%)  vs heuristic: -95000.4 (heuristic: -19082.0)
    [eval @ ep 440] topanga_ridge: avg_reward=-9512.6  destroyed=31.7  containment=0%  action_lock=('helicopter', 19) (59.3%)  vs heuristic: -6066.3 (heuristic: -3446.3)
    [eval @ ep 440] sullivan_canyon: avg_reward=-44522.0  destroyed=167.0  containment=0%  action_lock=('helicopter', 19) (59.3%)  vs heuristic: -36700.5 (heuristic: -7821.5)
    [eval @ ep 440] stone_canyon: avg_reward=-34924.4  destroyed=120.0  containment=67%  action_lock=('helicopter', 19) (57.1%)  vs heuristic: +10455.5 (heuristic: -45379.9)
    [eval @ ep 440] mandeville_canyon [HELD-OUT]: avg_reward=-17566.6  destroyed=67.3  containment=0%  action_lock=('helicopter', 19) (59.3%)  vs heuristic: -17615.6 (heuristic: 49.0)
    [eval @ ep 440] getty_view_park [HELD-OUT]: avg_reward=-81453.9  destroyed=276.0  containment=0%  action_lock=('helicopter', 19) (59.3%)  vs heuristic: -81527.5 (heuristic: 73.6)
[status @ ep   460/1500] scenario=single_training  avg_reward(last20)=  -56530.1  resource_entropy=1.376/1.386  zone_entropy=3.395/3.466  collapse_streak=0  device=mps
    [eval @ ep 460] single_training: avg_reward=-118207.0  destroyed=389.0  containment=0%  action_lock=('helicopter', 19) (68.0%)  vs heuristic: -99125.0 (heuristic: -19082.0)
    [eval @ ep 460] topanga_ridge: avg_reward=-9587.2  destroyed=31.7  containment=0%  action_lock=('helicopter', 19) (68.0%)  vs heuristic: -6140.9 (heuristic: -3446.3)
    [eval @ ep 460] sullivan_canyon: avg_reward=-37330.9  destroyed=140.3  containment=0%  action_lock=('helicopter', 19) (68.0%)  vs heuristic: -29509.4 (heuristic: -7821.5)
    [eval @ ep 460] stone_canyon: avg_reward=-34949.2  destroyed=120.0  containment=67%  action_lock=('helicopter', 19) (65.4%)  vs heuristic: +10430.7 (heuristic: -45379.9)
    [eval @ ep 460] mandeville_canyon [HELD-OUT]: avg_reward=-17641.1  destroyed=67.3  containment=0%  action_lock=('helicopter', 19) (68.0%)  vs heuristic: -17690.1 (heuristic: 49.0)
    [eval @ ep 460] getty_view_park [HELD-OUT]: avg_reward=-81528.4  destroyed=276.0  containment=0%  action_lock=('helicopter', 19) (68.0%)  vs heuristic: -81602.0 (heuristic: 73.6)
[status @ ep   480/1500] scenario=stone_canyon     avg_reward(last20)=  -63180.3  resource_entropy=1.372/1.386  zone_entropy=3.395/3.466  collapse_streak=0  device=mps
    [eval @ ep 480] single_training: avg_reward=-112332.9  destroyed=370.0  containment=0%  action_lock=('helicopter', 19) (68.7%)  vs heuristic: -93250.9 (heuristic: -19082.0)
    [eval @ ep 480] topanga_ridge: avg_reward=-9575.6  destroyed=31.7  containment=0%  action_lock=('helicopter', 19) (68.7%)  vs heuristic: -6129.3 (heuristic: -3446.3)
    [eval @ ep 480] sullivan_canyon: avg_reward=-35855.1  destroyed=134.0  containment=0%  action_lock=('helicopter', 19) (68.7%)  vs heuristic: -28033.6 (heuristic: -7821.5)
    [eval @ ep 480] stone_canyon: avg_reward=-34945.3  destroyed=120.0  containment=67%  action_lock=('helicopter', 19) (66.0%)  vs heuristic: +10434.6 (heuristic: -45379.9)
    [eval @ ep 480] mandeville_canyon [HELD-OUT]: avg_reward=-17629.5  destroyed=67.3  containment=0%  action_lock=('helicopter', 19) (68.7%)  vs heuristic: -17678.5 (heuristic: 49.0)
    [eval @ ep 480] getty_view_park [HELD-OUT]: avg_reward=-81516.8  destroyed=276.0  containment=0%  action_lock=('helicopter', 19) (68.7%)  vs heuristic: -81590.4 (heuristic: 73.6)
