[zonehead:zonehead_v1] 400 episodes, device=mps, SHAPING_COEFF=0.02  training scenarios=['single_training', 'stone_canyon']
[InfernoEnv] Loading + preparing road routing graph from /Users/ameygarg/COSMOS_FINAL/infernotactics/data/roads.graphml ...
[InfernoEnv] Warning: 1/32 zones unreachable from LAFD Station 69 (Pacific Palisades) via the road graph (dispatches routed to this station specifically will be wasted there).
[InfernoEnv] Warning: 1/32 zones unreachable from LAFD Station 19 (Brentwood) via the road graph (dispatches routed to this station specifically will be wasted there).
[InfernoEnv] Warning: 1/32 zones unreachable from LAFD Station 23 (Palisades Highlands) via the road graph (dispatches routed to this station specifically will be wasted there).
[InfernoEnv] Warning: 1/32 zones unreachable from LAFD Station 37 (Westwood / UCLA) via the road graph (dispatches routed to this station specifically will be wasted there).
[InfernoEnv] Warning: 1/32 zones unreachable from LAFD Station 71 (Bel-Air / Holmby Hills) via the road graph (dispatches routed to this station specifically will be wasted there).
[InfernoEnv] Warning: 1/32 zones unreachable from LAFD Station 99 (Mulholland Drive) via the road graph (dispatches routed to this station specifically will be wasted there).
[InfernoEnv] Warning: 1/32 zones unreachable from LAFD Station 109 (Mulholland Drive / Brentwood) via the road graph (dispatches routed to this station specifically will be wasted there).
[zonehead:zonehead_v1] Warm-started from /Users/ameygarg/COSMOS_FINAL/infernotactics/models/checkpoints_bisect/episode_0260.pt: 24 keys loaded unchanged, 2 skipped (new zone_head architecture): ['actor_critic.zone_head.weight', 'actor_critic.zone_head.bias']
[zonehead:zonehead_v1] Total parameters: 247,338 (previous architecture: ~240,858)
[status @ ep   20/400] scenario=single_training  raw_reward=     -55.2  shaping_mean_abs=0.0171  resource_entropy=1.341/1.386  zone_entropy=3.410/3.466  value_loss=2.884  device=mps
    [eval @ ep 20] single_training: avg_reward=-119537.9  destroyed=391.3  containment=0%  action_lock=('helicopter', 10) (100.0%)  vs heuristic: -100455.9 (heuristic: -19082.0)
    [eval @ ep 20] stone_canyon: avg_reward=-121317.5  destroyed=417.3  containment=0%  action_lock=('helicopter', 10) (100.0%)  vs heuristic: -75937.6 (heuristic: -45379.9)
    [DIRECT TEST @ ep 20] single_training solved=False (zone 10)  stone_canyon contained=False (zone 10)  DIFFERENT_ZONES=False
[status @ ep   40/400] scenario=single_training  raw_reward= -119342.1  shaping_mean_abs=0.0414  resource_entropy=1.168/1.386  zone_entropy=3.456/3.466  value_loss=0.234  device=mps
    [eval @ ep 40] single_training: avg_reward=-119536.7  destroyed=391.3  containment=0%  action_lock=('helicopter', 10) (94.0%)  vs heuristic: -100454.7 (heuristic: -19082.0)
    [eval @ ep 40] stone_canyon: avg_reward=-121316.3  destroyed=417.3  containment=0%  action_lock=('helicopter', 10) (94.0%)  vs heuristic: -75936.4 (heuristic: -45379.9)
    [DIRECT TEST @ ep 40] single_training solved=False (zone 10)  stone_canyon contained=False (zone 10)  DIFFERENT_ZONES=False
[status @ ep   60/400] scenario=stone_canyon     raw_reward=  -98999.4  shaping_mean_abs=0.0492  resource_entropy=1.170/1.386  zone_entropy=3.301/3.466  value_loss=0.308  device=mps
    [eval @ ep 60] single_training: avg_reward=-119569.8  destroyed=391.3  containment=0%  action_lock=('helicopter', 30) (100.0%)  vs heuristic: -100487.8 (heuristic: -19082.0)
    [eval @ ep 60] stone_canyon: avg_reward=-121349.4  destroyed=417.3  containment=0%  action_lock=('helicopter', 30) (100.0%)  vs heuristic: -75969.5 (heuristic: -45379.9)
    [DIRECT TEST @ ep 60] single_training solved=False (zone 30)  stone_canyon contained=False (zone 30)  DIFFERENT_ZONES=False
[status @ ep   80/400] scenario=stone_canyon     raw_reward= -123697.6  shaping_mean_abs=0.0118  resource_entropy=1.140/1.386  zone_entropy=3.196/3.466  value_loss=0.115  device=mps
    [eval @ ep 80] single_training: avg_reward=-119569.8  destroyed=391.3  containment=0%  action_lock=('helicopter', 30) (100.0%)  vs heuristic: -100487.8 (heuristic: -19082.0)
    [eval @ ep 80] stone_canyon: avg_reward=-121349.4  destroyed=417.3  containment=0%  action_lock=('helicopter', 30) (100.0%)  vs heuristic: -75969.5 (heuristic: -45379.9)
    [DIRECT TEST @ ep 80] single_training solved=False (zone 30)  stone_canyon contained=False (zone 30)  DIFFERENT_ZONES=False
[status @ ep  100/400] scenario=stone_canyon     raw_reward= -105815.0  shaping_mean_abs=0.0608  resource_entropy=1.084/1.386  zone_entropy=3.457/3.466  value_loss=0.579  device=mps
    [eval @ ep 100] single_training: avg_reward=-119569.8  destroyed=391.3  containment=0%  action_lock=('helicopter', 30) (100.0%)  vs heuristic: -100487.8 (heuristic: -19082.0)
    [eval @ ep 100] stone_canyon: avg_reward=-121349.4  destroyed=417.3  containment=0%  action_lock=('helicopter', 30) (100.0%)  vs heuristic: -75969.5 (heuristic: -45379.9)
    [DIRECT TEST @ ep 100] single_training solved=False (zone 30)  stone_canyon contained=False (zone 30)  DIFFERENT_ZONES=False
[status @ ep  120/400] scenario=single_training  raw_reward= -129363.4  shaping_mean_abs=0.0433  resource_entropy=1.054/1.386  zone_entropy=3.278/3.466  value_loss=0.441  device=mps
    [eval @ ep 120] single_training: avg_reward=-119569.8  destroyed=391.3  containment=0%  action_lock=('helicopter', 30) (100.0%)  vs heuristic: -100487.8 (heuristic: -19082.0)
    [eval @ ep 120] stone_canyon: avg_reward=-121349.4  destroyed=417.3  containment=0%  action_lock=('helicopter', 30) (100.0%)  vs heuristic: -75969.5 (heuristic: -45379.9)
    [DIRECT TEST @ ep 120] single_training solved=False (zone 30)  stone_canyon contained=False (zone 30)  DIFFERENT_ZONES=False
[status @ ep  140/400] scenario=single_training  raw_reward=  -93649.4  shaping_mean_abs=0.0398  resource_entropy=1.090/1.386  zone_entropy=3.124/3.466  value_loss=0.111  device=mps
    [eval @ ep 140] single_training: avg_reward=-119569.8  destroyed=391.3  containment=0%  action_lock=('helicopter', 30) (100.0%)  vs heuristic: -100487.8 (heuristic: -19082.0)
    [eval @ ep 140] stone_canyon: avg_reward=-121349.4  destroyed=417.3  containment=0%  action_lock=('helicopter', 30) (100.0%)  vs heuristic: -75969.5 (heuristic: -45379.9)
    [DIRECT TEST @ ep 140] single_training solved=False (zone 30)  stone_canyon contained=False (zone 30)  DIFFERENT_ZONES=False
[status @ ep  160/400] scenario=single_training  raw_reward= -152870.5  shaping_mean_abs=0.0421  resource_entropy=0.997/1.386  zone_entropy=3.424/3.466  value_loss=1.113  device=mps
    [eval @ ep 160] single_training: avg_reward=-119569.8  destroyed=391.3  containment=0%  action_lock=('helicopter', 30) (100.0%)  vs heuristic: -100487.8 (heuristic: -19082.0)
    [eval @ ep 160] stone_canyon: avg_reward=-121349.4  destroyed=417.3  containment=0%  action_lock=('helicopter', 30) (100.0%)  vs heuristic: -75969.5 (heuristic: -45379.9)
    [DIRECT TEST @ ep 160] single_training solved=False (zone 30)  stone_canyon contained=False (zone 30)  DIFFERENT_ZONES=False
[status @ ep  180/400] scenario=single_training  raw_reward= -120917.5  shaping_mean_abs=0.0072  resource_entropy=0.938/1.386  zone_entropy=3.463/3.466  value_loss=0.646  device=mps
    [eval @ ep 180] single_training: avg_reward=-119569.8  destroyed=391.3  containment=0%  action_lock=('helicopter', 30) (100.0%)  vs heuristic: -100487.8 (heuristic: -19082.0)
    [eval @ ep 180] stone_canyon: avg_reward=-121349.4  destroyed=417.3  containment=0%  action_lock=('helicopter', 30) (100.0%)  vs heuristic: -75969.5 (heuristic: -45379.9)
    [DIRECT TEST @ ep 180] single_training solved=False (zone 30)  stone_canyon contained=False (zone 30)  DIFFERENT_ZONES=False
[status @ ep  200/400] scenario=stone_canyon     raw_reward= -104928.3  shaping_mean_abs=0.0512  resource_entropy=0.930/1.386  zone_entropy=3.378/3.466  value_loss=0.279  device=mps
    [eval @ ep 200] single_training: avg_reward=-119569.8  destroyed=391.3  containment=0%  action_lock=('helicopter', 30) (100.0%)  vs heuristic: -100487.8 (heuristic: -19082.0)
    [eval @ ep 200] stone_canyon: avg_reward=-121349.4  destroyed=417.3  containment=0%  action_lock=('helicopter', 30) (100.0%)  vs heuristic: -75969.5 (heuristic: -45379.9)
    [DIRECT TEST @ ep 200] single_training solved=False (zone 30)  stone_canyon contained=False (zone 30)  DIFFERENT_ZONES=False
[status @ ep  220/400] scenario=stone_canyon     raw_reward= -125763.6  shaping_mean_abs=0.0473  resource_entropy=1.037/1.386  zone_entropy=3.398/3.466  value_loss=0.279  device=mps
    [eval @ ep 220] single_training: avg_reward=-119569.8  destroyed=391.3  containment=0%  action_lock=('helicopter', 30) (100.0%)  vs heuristic: -100487.8 (heuristic: -19082.0)
    [eval @ ep 220] stone_canyon: avg_reward=-121349.4  destroyed=417.3  containment=0%  action_lock=('helicopter', 30) (100.0%)  vs heuristic: -75969.5 (heuristic: -45379.9)
    [DIRECT TEST @ ep 220] single_training solved=False (zone 30)  stone_canyon contained=False (zone 30)  DIFFERENT_ZONES=False
[status @ ep  240/400] scenario=stone_canyon     raw_reward= -114270.8  shaping_mean_abs=0.0534  resource_entropy=1.112/1.386  zone_entropy=3.461/3.466  value_loss=0.815  device=mps
    [eval @ ep 240] single_training: avg_reward=-119569.8  destroyed=391.3  containment=0%  action_lock=('helicopter', 30) (100.0%)  vs heuristic: -100487.8 (heuristic: -19082.0)
    [eval @ ep 240] stone_canyon: avg_reward=-121349.4  destroyed=417.3  containment=0%  action_lock=('helicopter', 30) (100.0%)  vs heuristic: -75969.5 (heuristic: -45379.9)
    [DIRECT TEST @ ep 240] single_training solved=False (zone 30)  stone_canyon contained=False (zone 30)  DIFFERENT_ZONES=False
[status @ ep  260/400] scenario=stone_canyon     raw_reward= -131654.3  shaping_mean_abs=0.0680  resource_entropy=1.127/1.386  zone_entropy=3.461/3.466  value_loss=0.131  device=mps
    [eval @ ep 260] single_training: avg_reward=-119569.8  destroyed=391.3  containment=0%  action_lock=('helicopter', 30) (100.0%)  vs heuristic: -100487.8 (heuristic: -19082.0)
    [eval @ ep 260] stone_canyon: avg_reward=-121349.4  destroyed=417.3  containment=0%  action_lock=('helicopter', 30) (100.0%)  vs heuristic: -75969.5 (heuristic: -45379.9)
    [DIRECT TEST @ ep 260] single_training solved=False (zone 30)  stone_canyon contained=False (zone 30)  DIFFERENT_ZONES=False
[status @ ep  280/400] scenario=single_training  raw_reward=  -95382.7  shaping_mean_abs=0.0021  resource_entropy=1.214/1.386  zone_entropy=3.464/3.466  value_loss=0.278  device=mps
    [eval @ ep 280] single_training: avg_reward=-119569.8  destroyed=391.3  containment=0%  action_lock=('helicopter', 30) (100.0%)  vs heuristic: -100487.8 (heuristic: -19082.0)
    [eval @ ep 280] stone_canyon: avg_reward=-121349.4  destroyed=417.3  containment=0%  action_lock=('helicopter', 30) (100.0%)  vs heuristic: -75969.5 (heuristic: -45379.9)
    [DIRECT TEST @ ep 280] single_training solved=False (zone 30)  stone_canyon contained=False (zone 30)  DIFFERENT_ZONES=False
[status @ ep  300/400] scenario=single_training  raw_reward=  -78580.8  shaping_mean_abs=0.0258  resource_entropy=1.256/1.386  zone_entropy=3.454/3.466  value_loss=0.382  device=mps
    [eval @ ep 300] single_training: avg_reward=-119676.4  destroyed=391.3  containment=0%  action_lock=('helicopter', 30) (70.7%)  vs heuristic: -100594.4 (heuristic: -19082.0)
    [eval @ ep 300] stone_canyon: avg_reward=-121456.1  destroyed=417.3  containment=0%  action_lock=('helicopter', 30) (70.7%)  vs heuristic: -76076.2 (heuristic: -45379.9)
    [DIRECT TEST @ ep 300] single_training solved=False (zone 30)  stone_canyon contained=False (zone 30)  DIFFERENT_ZONES=False
