[toggle-diff:toggle_A_only] 100 episodes, device=mps  toggles: E=False D=False A=True C=False B=False G=False F=False
[InfernoEnv] Loading + preparing road routing graph from /Users/ameygarg/COSMOS_FINAL/infernotactics/data/roads.graphml ...
[InfernoEnv] Warning: 1/32 zones unreachable from LAFD Station 69 (Pacific Palisades) via the road graph (dispatches routed to this station specifically will be wasted there).
[InfernoEnv] Warning: 1/32 zones unreachable from LAFD Station 19 (Brentwood) via the road graph (dispatches routed to this station specifically will be wasted there).
[InfernoEnv] Warning: 1/32 zones unreachable from LAFD Station 23 (Palisades Highlands) via the road graph (dispatches routed to this station specifically will be wasted there).
[InfernoEnv] Warning: 1/32 zones unreachable from LAFD Station 37 (Westwood / UCLA) via the road graph (dispatches routed to this station specifically will be wasted there).
[InfernoEnv] Warning: 1/32 zones unreachable from LAFD Station 71 (Bel-Air / Holmby Hills) via the road graph (dispatches routed to this station specifically will be wasted there).
[InfernoEnv] Warning: 1/32 zones unreachable from LAFD Station 99 (Mulholland Drive) via the road graph (dispatches routed to this station specifically will be wasted there).
[InfernoEnv] Warning: 1/32 zones unreachable from LAFD Station 109 (Mulholland Drive / Brentwood) via the road graph (dispatches routed to this station specifically will be wasted there).
[toggle-diff] Warm-started from /Users/ameygarg/COSMOS_FINAL/infernotactics/models/checkpoints_bisect/episode_0260.pt (plain load, N_SCALARS=8).
[status @ ep    5/100] avg_reward(last5)= -105205.6  entropy=4.215  resource_entropy=1.228/1.386  zone_entropy=2.988/3.466  early_stopped=False (None)  device=mps
        adv(used)=-19.4418+/-12.7773  adv(old-loop-style,shadow)=+1.8391+/-1.7978
[status @ ep   10/100] avg_reward(last5)=  -69992.4  entropy=3.167  resource_entropy=0.825/1.386  zone_entropy=2.342/3.466  early_stopped=False (None)  device=mps
        adv(used)=-8.3594+/-6.3951  adv(old-loop-style,shadow)=+5.4262+/-2.5549
    [eval @ ep 10] single_training: avg_reward=42.4  avg_buildings_destroyed=0.0  containment_rate=100%  vs heuristic: +19124.4 (heuristic: -19082.0)
        action_lock: ('helicopter', 18) on 100.0% of ticks
        probe: resource=helicopter (avg max_prob=0.862)  zone=18 (avg max_prob=0.330)
[status @ ep   15/100] avg_reward(last5)=  -42406.2  entropy=1.941  resource_entropy=0.324/1.386  zone_entropy=1.617/3.466  early_stopped=False (None)  device=mps
        adv(used)=+2.0257+/-0.1749  adv(old-loop-style,shadow)=+4.2350+/-0.0526
[status @ ep   20/100] avg_reward(last5)=      32.5  entropy=1.320  resource_entropy=0.453/1.386  zone_entropy=0.867/3.466  early_stopped=False (None)  device=mps
        adv(used)=+0.8905+/-0.1174  adv(old-loop-style,shadow)=+2.9239+/-0.0597
    [eval @ ep 20] single_training: avg_reward=42.4  avg_buildings_destroyed=0.0  containment_rate=100%  vs heuristic: +19124.4 (heuristic: -19082.0)
        action_lock: ('helicopter', 18) on 100.0% of ticks
        probe: resource=helicopter (avg max_prob=0.859)  zone=18 (avg max_prob=0.816)
[status @ ep   25/100] avg_reward(last5)=      43.8  entropy=1.531  resource_entropy=0.912/1.386  zone_entropy=0.618/3.466  early_stopped=False (None)  device=mps
        adv(used)=-0.8120+/-0.0277  adv(old-loop-style,shadow)=+0.9943+/-0.0716
[status @ ep   30/100] avg_reward(last5)=      31.0  entropy=2.511  resource_entropy=1.157/1.386  zone_entropy=1.354/3.466  early_stopped=False (None)  device=mps
        adv(used)=-0.2465+/-0.0543  adv(old-loop-style,shadow)=+1.5154+/-0.0576
    [eval @ ep 30] single_training: avg_reward=42.4  avg_buildings_destroyed=0.0  containment_rate=100%  vs heuristic: +19124.4 (heuristic: -19082.0)
        action_lock: ('helicopter', 18) on 100.0% of ticks
        probe: resource=helicopter (avg max_prob=0.415)  zone=18 (avg max_prob=0.594)
[status @ ep   35/100] avg_reward(last5)=     -38.7  entropy=3.704  resource_entropy=1.260/1.386  zone_entropy=2.444/3.466  early_stopped=False (None)  device=mps
        adv(used)=+0.1167+/-0.1267  adv(old-loop-style,shadow)=+1.8138+/-0.1021
[status @ ep   40/100] avg_reward(last5)=  -60957.9  entropy=3.225  resource_entropy=1.100/1.386  zone_entropy=2.125/3.466  early_stopped=False (None)  device=mps
        adv(used)=-12.3486+/-7.9565  adv(old-loop-style,shadow)=+6.1967+/-4.9621
    [eval @ ep 40] single_training: avg_reward=42.4  avg_buildings_destroyed=0.0  containment_rate=100%  vs heuristic: +19124.4 (heuristic: -19082.0)
        action_lock: ('helicopter', 18) on 100.0% of ticks
        probe: resource=helicopter/trench_crew (avg max_prob=0.378)  zone=18 (avg max_prob=0.207)
[status @ ep   45/100] avg_reward(last5)=  -65311.9  entropy=4.201  resource_entropy=1.275/1.386  zone_entropy=2.926/3.466  early_stopped=False (None)  device=mps
        adv(used)=+0.1013+/-0.1270  adv(old-loop-style,shadow)=+1.9098+/-0.0980
[status @ ep   50/100] avg_reward(last5)= -128774.9  entropy=2.661  resource_entropy=0.900/1.386  zone_entropy=1.761/3.466  early_stopped=False (None)  device=mps
        adv(used)=-15.2141+/-10.8830  adv(old-loop-style,shadow)=+9.6005+/-7.9574
    [eval @ ep 50] single_training: avg_reward=42.4  avg_buildings_destroyed=0.0  containment_rate=100%  vs heuristic: +19124.4 (heuristic: -19082.0)
        action_lock: ('helicopter', 18) on 100.0% of ticks
        probe: resource=helicopter (avg max_prob=0.479)  zone=18/22 (avg max_prob=0.275)
[status @ ep   55/100] avg_reward(last5)=  -66476.5  entropy=3.014  resource_entropy=1.120/1.386  zone_entropy=1.894/3.466  early_stopped=False (None)  device=mps
        adv(used)=+1.3288+/-0.1580  adv(old-loop-style,shadow)=+3.3545+/-0.0734
[status @ ep   60/100] avg_reward(last5)=  -67135.6  entropy=1.760  resource_entropy=0.710/1.386  zone_entropy=1.051/3.466  early_stopped=False (None)  device=mps
        adv(used)=-8.7181+/-10.1277  adv(old-loop-style,shadow)=+18.8967+/-14.0830
    [eval @ ep 60] single_training: avg_reward=-119612.7  avg_buildings_destroyed=391.3  containment_rate=0%  vs heuristic: -100530.7 (heuristic: -19082.0)
        action_lock: ('trench_crew', 5) on 30.7% of ticks
        probe: resource=trench_crew (avg max_prob=0.472)  zone=18 (avg max_prob=0.605)
[status @ ep   65/100] avg_reward(last5)=      -4.9  entropy=1.971  resource_entropy=1.041/1.386  zone_entropy=0.931/3.466  early_stopped=False (None)  device=mps
        adv(used)=+1.6506+/-0.3434  adv(old-loop-style,shadow)=+3.7760+/-0.1840
[status @ ep   70/100] avg_reward(last5)=  -47328.3  entropy=1.639  resource_entropy=0.973/1.386  zone_entropy=0.666/3.466  early_stopped=False (None)  device=mps
        adv(used)=+0.1761+/-0.1448  adv(old-loop-style,shadow)=+2.0825+/-0.1253
    [eval @ ep 70] single_training: avg_reward=42.4  avg_buildings_destroyed=0.0  containment_rate=100%  vs heuristic: +19124.4 (heuristic: -19082.0)
        action_lock: ('helicopter', 18) on 100.0% of ticks
        probe: resource=helicopter (avg max_prob=0.588)  zone=18 (avg max_prob=0.742)
[status @ ep   75/100] avg_reward(last5)=       6.7  entropy=0.894  resource_entropy=0.627/1.386  zone_entropy=0.266/3.466  early_stopped=False (None)  device=mps
        adv(used)=-0.6374+/-0.1687  adv(old-loop-style,shadow)=+1.1273+/-0.2295
[status @ ep   80/100] avg_reward(last5)=      57.4  entropy=0.347  resource_entropy=0.179/1.386  zone_entropy=0.168/3.466  early_stopped=False (None)  device=mps
        adv(used)=+0.5652+/-0.2120  adv(old-loop-style,shadow)=+2.4209+/-0.1735
    [eval @ ep 80] single_training: avg_reward=42.4  avg_buildings_destroyed=0.0  containment_rate=100%  vs heuristic: +19124.4 (heuristic: -19082.0)
        action_lock: ('helicopter', 18) on 100.0% of ticks
        probe: resource=helicopter (avg max_prob=0.979)  zone=18 (avg max_prob=0.950)
[status @ ep   85/100] avg_reward(last5)=      37.8  entropy=0.214  resource_entropy=0.096/1.386  zone_entropy=0.119/3.466  early_stopped=False (None)  device=mps
        adv(used)=+0.0724+/-0.2225  adv(old-loop-style,shadow)=+1.8886+/-0.2185
[status @ ep   90/100] avg_reward(last5)=      52.6  entropy=0.152  resource_entropy=0.059/1.386  zone_entropy=0.093/3.466  early_stopped=False (None)  device=mps
        adv(used)=-0.5384+/-0.1246  adv(old-loop-style,shadow)=+1.1603+/-0.1641
    [eval @ ep 90] single_training: avg_reward=42.4  avg_buildings_destroyed=0.0  containment_rate=100%  vs heuristic: +19124.4 (heuristic: -19082.0)
        action_lock: ('helicopter', 18) on 100.0% of ticks
        probe: resource=helicopter (avg max_prob=0.994)  zone=18 (avg max_prob=0.972)
[status @ ep   95/100] avg_reward(last5)=      33.0  entropy=0.138  resource_entropy=0.041/1.386  zone_entropy=0.097/3.466  early_stopped=False (None)  device=mps
        adv(used)=+0.2952+/-0.1468  adv(old-loop-style,shadow)=+2.0886+/-0.1198
[status @ ep  100/100] avg_reward(last5)=      54.6  entropy=0.121  resource_entropy=0.062/1.386  zone_entropy=0.059/3.466  early_stopped=False (None)  device=mps
        adv(used)=-0.4144+/-0.1184  adv(old-loop-style,shadow)=+1.2562+/-0.1495
    [eval @ ep 100] single_training: avg_reward=42.4  avg_buildings_destroyed=0.0  containment_rate=100%  vs heuristic: +19124.4 (heuristic: -19082.0)
        action_lock: ('helicopter', 18) on 100.0% of ticks
        probe: resource=helicopter (avg max_prob=0.992)  zone=18 (avg max_prob=0.988)

[toggle-diff:toggle_A_only] COMPLETE: 100/100 episodes, 29.72 episodes/min
