[toggle-diff:toggle_EDA] 100 episodes, device=mps  toggles: E=True D=True A=True C=False B=False G=False F=False
[InfernoEnv] Loading + preparing road routing graph from /Users/ameygarg/COSMOS_FINAL/infernotactics/data/roads.graphml ...
[InfernoEnv] Warning: 1/32 zones unreachable from LAFD Station 69 (Pacific Palisades) via the road graph (dispatches routed to this station specifically will be wasted there).
[InfernoEnv] Warning: 1/32 zones unreachable from LAFD Station 19 (Brentwood) via the road graph (dispatches routed to this station specifically will be wasted there).
[InfernoEnv] Warning: 1/32 zones unreachable from LAFD Station 23 (Palisades Highlands) via the road graph (dispatches routed to this station specifically will be wasted there).
[InfernoEnv] Warning: 1/32 zones unreachable from LAFD Station 37 (Westwood / UCLA) via the road graph (dispatches routed to this station specifically will be wasted there).
[InfernoEnv] Warning: 1/32 zones unreachable from LAFD Station 71 (Bel-Air / Holmby Hills) via the road graph (dispatches routed to this station specifically will be wasted there).
[InfernoEnv] Warning: 1/32 zones unreachable from LAFD Station 99 (Mulholland Drive) via the road graph (dispatches routed to this station specifically will be wasted there).
[InfernoEnv] Warning: 1/32 zones unreachable from LAFD Station 109 (Mulholland Drive / Brentwood) via the road graph (dispatches routed to this station specifically will be wasted there).
[toggle-diff] Warm-started from /Users/ameygarg/COSMOS_FINAL/infernotactics/models/checkpoints_bisect/episode_0260.pt (plain load, N_SCALARS=8).
[status @ ep    5/100] avg_reward(last5)= -107958.4  entropy=0.822  resource_entropy=0.461/1.386  zone_entropy=0.324/3.466  early_stopped=False (None)  device=mps
[status @ ep   10/100] avg_reward(last5)= -118689.7  entropy=0.409  resource_entropy=0.001/1.386  zone_entropy=0.512/3.466  early_stopped=False (None)  device=mps
    [eval @ ep 10] single_training: avg_reward=-120057.3  avg_buildings_destroyed=391.3  containment_rate=0%  vs heuristic: -100975.3 (heuristic: -19082.0)
        action_lock: ('trench_crew', 17) on 62.0% of ticks
        probe: resource=trench_crew (avg max_prob=1.000)  zone=17 (avg max_prob=0.995)
[status @ ep   15/100] avg_reward(last5)= -109391.4  entropy=0.063  resource_entropy=0.000/1.386  zone_entropy=0.049/3.466  early_stopped=False (None)  device=mps
[status @ ep   20/100] avg_reward(last5)= -118552.8  entropy=0.001  resource_entropy=0.000/1.386  zone_entropy=0.003/3.466  early_stopped=False (None)  device=mps
    [eval @ ep 20] single_training: avg_reward=-120093.9  avg_buildings_destroyed=391.3  containment_rate=0%  vs heuristic: -101011.9 (heuristic: -19082.0)
        action_lock: ('trench_crew', 17) on 100.0% of ticks
        probe: resource=trench_crew (avg max_prob=1.000)  zone=17 (avg max_prob=1.000)
[status @ ep   25/100] avg_reward(last5)= -128781.9  entropy=0.000  resource_entropy=0.000/1.386  zone_entropy=0.000/3.466  early_stopped=False (None)  device=mps
[status @ ep   30/100] avg_reward(last5)=  -79296.8  entropy=0.000  resource_entropy=0.000/1.386  zone_entropy=0.001/3.466  early_stopped=False (None)  device=mps
    [eval @ ep 30] single_training: avg_reward=-120093.9  avg_buildings_destroyed=391.3  containment_rate=0%  vs heuristic: -101011.9 (heuristic: -19082.0)
        action_lock: ('trench_crew', 17) on 100.0% of ticks
        probe: resource=trench_crew (avg max_prob=1.000)  zone=17 (avg max_prob=1.000)
[status @ ep   35/100] avg_reward(last5)= -109796.1  entropy=0.000  resource_entropy=0.000/1.386  zone_entropy=0.000/3.466  early_stopped=False (None)  device=mps
[status @ ep   40/100] avg_reward(last5)= -106090.3  entropy=0.000  resource_entropy=0.000/1.386  zone_entropy=0.000/3.466  early_stopped=False (None)  device=mps
    [eval @ ep 40] single_training: avg_reward=-120093.9  avg_buildings_destroyed=391.3  containment_rate=0%  vs heuristic: -101011.9 (heuristic: -19082.0)
        action_lock: ('trench_crew', 17) on 100.0% of ticks
        probe: resource=trench_crew (avg max_prob=1.000)  zone=17 (avg max_prob=1.000)
[status @ ep   45/100] avg_reward(last5)= -123714.3  entropy=0.000  resource_entropy=0.000/1.386  zone_entropy=0.000/3.466  early_stopped=False (None)  device=mps
[status @ ep   50/100] avg_reward(last5)= -131321.2  entropy=0.000  resource_entropy=0.000/1.386  zone_entropy=0.000/3.466  early_stopped=False (None)  device=mps
    [eval @ ep 50] single_training: avg_reward=-120093.9  avg_buildings_destroyed=391.3  containment_rate=0%  vs heuristic: -101011.9 (heuristic: -19082.0)
        action_lock: ('trench_crew', 17) on 100.0% of ticks
        probe: resource=trench_crew (avg max_prob=1.000)  zone=17 (avg max_prob=1.000)
[status @ ep   55/100] avg_reward(last5)= -125079.8  entropy=0.000  resource_entropy=0.000/1.386  zone_entropy=0.000/3.466  early_stopped=False (None)  device=mps
[status @ ep   60/100] avg_reward(last5)= -129577.7  entropy=0.000  resource_entropy=0.000/1.386  zone_entropy=0.000/3.466  early_stopped=False (None)  device=mps
    [eval @ ep 60] single_training: avg_reward=-120093.9  avg_buildings_destroyed=391.3  containment_rate=0%  vs heuristic: -101011.9 (heuristic: -19082.0)
        action_lock: ('trench_crew', 17) on 100.0% of ticks
        probe: resource=trench_crew (avg max_prob=1.000)  zone=17 (avg max_prob=1.000)
[status @ ep   65/100] avg_reward(last5)=  -93848.6  entropy=0.000  resource_entropy=0.000/1.386  zone_entropy=0.000/3.466  early_stopped=False (None)  device=mps
[status @ ep   70/100] avg_reward(last5)= -119642.4  entropy=0.000  resource_entropy=0.000/1.386  zone_entropy=0.000/3.466  early_stopped=False (None)  device=mps
    [eval @ ep 70] single_training: avg_reward=-120093.9  avg_buildings_destroyed=391.3  containment_rate=0%  vs heuristic: -101011.9 (heuristic: -19082.0)
        action_lock: ('trench_crew', 17) on 100.0% of ticks
        probe: resource=trench_crew (avg max_prob=1.000)  zone=17 (avg max_prob=1.000)
[status @ ep   75/100] avg_reward(last5)= -123868.8  entropy=0.000  resource_entropy=0.000/1.386  zone_entropy=0.000/3.466  early_stopped=False (None)  device=mps
[status @ ep   80/100] avg_reward(last5)= -120621.0  entropy=0.000  resource_entropy=0.000/1.386  zone_entropy=0.000/3.466  early_stopped=False (None)  device=mps
    [eval @ ep 80] single_training: avg_reward=-120093.9  avg_buildings_destroyed=391.3  containment_rate=0%  vs heuristic: -101011.9 (heuristic: -19082.0)
        action_lock: ('trench_crew', 17) on 100.0% of ticks
        probe: resource=trench_crew (avg max_prob=1.000)  zone=17 (avg max_prob=1.000)
[status @ ep   85/100] avg_reward(last5)= -121079.5  entropy=0.000  resource_entropy=0.000/1.386  zone_entropy=0.000/3.466  early_stopped=False (None)  device=mps
[status @ ep   90/100] avg_reward(last5)= -119973.1  entropy=0.000  resource_entropy=0.000/1.386  zone_entropy=0.000/3.466  early_stopped=False (None)  device=mps
    [eval @ ep 90] single_training: avg_reward=-120093.9  avg_buildings_destroyed=391.3  containment_rate=0%  vs heuristic: -101011.9 (heuristic: -19082.0)
        action_lock: ('trench_crew', 17) on 100.0% of ticks
        probe: resource=trench_crew (avg max_prob=1.000)  zone=17 (avg max_prob=1.000)
[status @ ep   95/100] avg_reward(last5)= -113348.8  entropy=0.000  resource_entropy=0.000/1.386  zone_entropy=0.000/3.466  early_stopped=False (None)  device=mps
[status @ ep  100/100] avg_reward(last5)= -109784.1  entropy=0.000  resource_entropy=0.000/1.386  zone_entropy=0.000/3.466  early_stopped=False (None)  device=mps
    [eval @ ep 100] single_training: avg_reward=-120093.9  avg_buildings_destroyed=391.3  containment_rate=0%  vs heuristic: -101011.9 (heuristic: -19082.0)
        action_lock: ('trench_crew', 17) on 100.0% of ticks
        probe: resource=trench_crew (avg max_prob=1.000)  zone=17 (avg max_prob=1.000)

[toggle-diff:toggle_EDA] COMPLETE: 100/100 episodes, 7.51 episodes/min
