[diag_valuehead_v1] 200 episodes, device=mps  (old loop's exact rollout/update mechanism, value-head instrumentation only)
[InfernoEnv] Loading + preparing road routing graph from /Users/ameygarg/COSMOS_FINAL/infernotactics/data/roads.graphml ...
[InfernoEnv] Warning: 1/32 zones unreachable from LAFD Station 69 (Pacific Palisades) via the road graph (dispatches routed to this station specifically will be wasted there).
[InfernoEnv] Warning: 1/32 zones unreachable from LAFD Station 19 (Brentwood) via the road graph (dispatches routed to this station specifically will be wasted there).
[InfernoEnv] Warning: 1/32 zones unreachable from LAFD Station 23 (Palisades Highlands) via the road graph (dispatches routed to this station specifically will be wasted there).
[InfernoEnv] Warning: 1/32 zones unreachable from LAFD Station 37 (Westwood / UCLA) via the road graph (dispatches routed to this station specifically will be wasted there).
[InfernoEnv] Warning: 1/32 zones unreachable from LAFD Station 71 (Bel-Air / Holmby Hills) via the road graph (dispatches routed to this station specifically will be wasted there).
[InfernoEnv] Warning: 1/32 zones unreachable from LAFD Station 99 (Mulholland Drive) via the road graph (dispatches routed to this station specifically will be wasted there).
[InfernoEnv] Warning: 1/32 zones unreachable from LAFD Station 109 (Mulholland Drive / Brentwood) via the road graph (dispatches routed to this station specifically will be wasted there).
[diag_valuehead_v1] Warm-started from /Users/ameygarg/COSMOS_FINAL/infernotactics/models/checkpoints_bisect/episode_0260.pt (plain load, old-loop architecture).
[status @ ep    5/200] reward=  -82813.0  value_loss=   0.482  corr(V,G)=+0.947  explained_var=+0.896  V=-0.521+/-0.749  G=+0.125+/-0.789  device=mps
[status @ ep   10/200] reward=  -85455.8  value_loss=   0.359  corr(V,G)=+0.792  explained_var=+0.319  V=+0.194+/-0.978  G=+0.171+/-0.725  device=mps
[status @ ep   15/200] reward= -153271.7  value_loss=   1.537  corr(V,G)=+0.786  explained_var=+0.574  V=-0.163+/-0.783  G=-1.032+/-1.355  device=mps
[status @ ep   20/200] reward=     -75.1  value_loss=   1.514  corr(V,G)=-0.983  explained_var=-3943.727  V=+0.928+/-0.122  G=+2.152+/-0.002  device=mps
[status @ ep   25/200] reward= -125780.7  value_loss=   0.216  corr(V,G)=+0.938  explained_var=+0.880  V=-0.140+/-0.830  G=-0.496+/-0.862  device=mps
[status @ ep   30/200] reward=     -13.0  value_loss=   0.907  corr(V,G)=-0.739  explained_var=-10783.243  V=+1.188+/-0.105  G=+2.134+/-0.001  device=mps
[status @ ep   35/200] reward=  -82532.9  value_loss=   0.266  corr(V,G)=+0.882  explained_var=+0.535  V=+0.559+/-1.015  G=+0.448+/-0.738  device=mps
[status @ ep   40/200] reward=  -94731.0  value_loss=   0.194  corr(V,G)=+0.868  explained_var=+0.670  V=+0.126+/-0.812  G=+0.303+/-0.702  device=mps
[status @ ep   45/200] reward= -150893.5  value_loss=   0.799  corr(V,G)=+0.794  explained_var=+0.628  V=-0.205+/-0.838  G=-0.868+/-0.983  device=mps
[status @ ep   50/200] reward=  -99041.1  value_loss=   0.188  corr(V,G)=+0.955  explained_var=+0.797  V=-0.083+/-0.909  G=+0.214+/-0.702  device=mps
[status @ ep   55/200] reward= -106098.8  value_loss=   0.159  corr(V,G)=+0.976  explained_var=+0.832  V=+0.408+/-1.055  G=+0.179+/-0.797  device=mps
[status @ ep   60/200] reward= -116458.1  value_loss=   0.058  corr(V,G)=+0.965  explained_var=+0.930  V=-0.164+/-0.796  G=-0.055+/-0.811  device=mps
[status @ ep   65/200] reward= -120764.5  value_loss=   0.225  corr(V,G)=+0.892  explained_var=+0.765  V=-0.355+/-0.697  G=-0.283+/-0.969  device=mps
[status @ ep   70/200] reward=  -94965.2  value_loss=   0.298  corr(V,G)=+0.891  explained_var=+0.781  V=-0.153+/-0.782  G=+0.254+/-0.778  device=mps
[status @ ep   75/200] reward= -121373.6  value_loss=   0.166  corr(V,G)=+0.980  explained_var=+0.960  V=+0.253+/-0.888  G=-0.110+/-0.924  device=mps
[status @ ep   80/200] reward= -104402.4  value_loss=   0.044  corr(V,G)=+0.969  explained_var=+0.932  V=+0.161+/-0.833  G=+0.207+/-0.788  device=mps
[status @ ep   85/200] reward= -111773.0  value_loss=   0.123  corr(V,G)=+0.943  explained_var=+0.888  V=-0.204+/-0.800  G=+0.012+/-0.822  device=mps
[status @ ep   90/200] reward=     -45.7  value_loss=   2.224  corr(V,G)=-0.844  explained_var=-9258.792  V=+0.727+/-0.146  G=+2.211+/-0.002  device=mps
[status @ ep   95/200] reward= -113045.5  value_loss=   0.455  corr(V,G)=+0.882  explained_var=+0.703  V=+0.478+/-0.991  G=-0.007+/-0.858  device=mps
[status @ ep  100/200] reward=  -89710.0  value_loss=   0.088  corr(V,G)=+0.979  explained_var=+0.844  V=+0.332+/-0.869  G=+0.473+/-0.659  device=mps
[status @ ep  105/200] reward=      14.5  value_loss=   1.011  corr(V,G)=-0.931  explained_var=-2319.905  V=+1.201+/-0.022  G=+2.206+/-0.000  device=mps
[status @ ep  110/200] reward= -111749.3  value_loss=   0.225  corr(V,G)=+0.849  explained_var=+0.721  V=+0.181+/-0.690  G=-0.007+/-0.824  device=mps
[status @ ep  115/200] reward=  -71637.9  value_loss=   0.182  corr(V,G)=+0.933  explained_var=+0.674  V=+0.533+/-0.764  G=+0.818+/-0.555  device=mps
[status @ ep  120/200] reward= -117931.5  value_loss=   0.809  corr(V,G)=+0.883  explained_var=+0.780  V=+0.721+/-0.798  G=-0.074+/-0.901  device=mps
[status @ ep  125/200] reward=       8.2  value_loss=   0.004  corr(V,G)=-0.962  explained_var=-4700.516  V=+2.238+/-0.041  G=+2.196+/-0.001  device=mps
[status @ ep  130/200] reward=  -97048.6  value_loss=   0.627  corr(V,G)=+0.591  explained_var=+0.127  V=+0.203+/-0.885  G=+0.351+/-0.833  device=mps
[status @ ep  135/200] reward= -137957.9  value_loss=   0.944  corr(V,G)=+0.818  explained_var=+0.601  V=+0.315+/-0.926  G=-0.491+/-0.858  device=mps
[status @ ep  140/200] reward= -161269.8  value_loss=   1.834  corr(V,G)=+0.605  explained_var=+0.316  V=+0.153+/-0.950  G=-0.814+/-1.147  device=mps
[status @ ep  145/200] reward= -100806.7  value_loss=   0.394  corr(V,G)=+0.832  explained_var=-0.309  V=+0.042+/-0.996  G=+0.130+/-0.543  device=mps
[status @ ep  150/200] reward=     -24.4  value_loss=   0.305  corr(V,G)=-0.801  explained_var=-8339.940  V=+1.643+/-0.101  G=+2.185+/-0.001  device=mps
[status @ ep  155/200] reward=  -97895.6  value_loss=   0.804  corr(V,G)=+0.659  explained_var=+0.350  V=+0.044+/-0.940  G=+0.453+/-0.990  device=mps
[status @ ep  160/200] reward=      -9.9  value_loss=   0.066  corr(V,G)=-0.968  explained_var=-12366.177  V=+1.925+/-0.079  G=+2.170+/-0.001  device=mps
[status @ ep  165/200] reward=    -538.4  value_loss=   2.971  corr(V,G)=-0.940  explained_var=-26038.493  V=+0.667+/-0.862  G=+2.157+/-0.005  device=mps
[status @ ep  170/200] reward= -102647.2  value_loss=   0.327  corr(V,G)=+0.877  explained_var=+0.724  V=+0.527+/-0.949  G=+0.184+/-0.872  device=mps
[status @ ep  175/200] reward= -107516.3  value_loss=   0.200  corr(V,G)=+0.928  explained_var=+0.829  V=+0.357+/-0.927  G=+0.073+/-0.835  device=mps
[status @ ep  180/200] reward= -124319.1  value_loss=   0.210  corr(V,G)=+0.904  explained_var=+0.803  V=+0.007+/-0.842  G=-0.270+/-0.822  device=mps
[status @ ep  185/200] reward=  -81741.7  value_loss=   1.055  corr(V,G)=+0.683  explained_var=+0.408  V=-0.161+/-0.712  G=+0.677+/-0.770  device=mps
[status @ ep  190/200] reward= -102821.9  value_loss=   0.090  corr(V,G)=+0.947  explained_var=+0.896  V=+0.039+/-0.754  G=+0.204+/-0.775  device=mps
[status @ ep  195/200] reward= -111374.2  value_loss=   0.043  corr(V,G)=+0.974  explained_var=+0.947  V=+0.139+/-0.853  G=+0.063+/-0.840  device=mps
[status @ ep  200/200] reward= -122759.9  value_loss=   0.085  corr(V,G)=+0.938  explained_var=+0.880  V=-0.162+/-0.780  G=-0.211+/-0.829  device=mps

[diag_valuehead_v1] COMPLETE: 200 episodes. Full log: /Users/ameygarg/COSMOS_FINAL/infernotactics/logs/diag_valuehead_v1.csv
