[train] REAL TRAINING RUN: 300 episodes, initial device=mps
[train] Building InfernoEnv...
[InfernoEnv] Loading + preparing road routing graph from /Users/ameygarg/COSMOS_FINAL/infernotactics/data/roads.graphml ...
[InfernoEnv] Warning: 1/32 zones unreachable from LAFD Station 69 (Pacific Palisades) via the road graph (dispatches routed to this station specifically will be wasted there).
[InfernoEnv] Warning: 1/32 zones unreachable from LAFD Station 19 (Brentwood) via the road graph (dispatches routed to this station specifically will be wasted there).
[InfernoEnv] Warning: 1/32 zones unreachable from LAFD Station 23 (Palisades Highlands) via the road graph (dispatches routed to this station specifically will be wasted there).
[InfernoEnv] Warning: 1/32 zones unreachable from LAFD Station 37 (Westwood / UCLA) via the road graph (dispatches routed to this station specifically will be wasted there).
[InfernoEnv] Warning: 1/32 zones unreachable from LAFD Station 71 (Bel-Air / Holmby Hills) via the road graph (dispatches routed to this station specifically will be wasted there).
[InfernoEnv] Warning: 1/32 zones unreachable from LAFD Station 99 (Mulholland Drive) via the road graph (dispatches routed to this station specifically will be wasted there).
[InfernoEnv] Warning: 1/32 zones unreachable from LAFD Station 109 (Mulholland Drive / Brentwood) via the road graph (dispatches routed to this station specifically will be wasted there).
[status @ ep    20/300] episodes/min(last20)=  9.91  avg_reward(last20)= -107705.4  entropy=4.514  resource_entropy=1.249/1.386  zone_entropy=3.265/3.466  policy_loss=  -2.096  value_loss=   0.989  class_loss=0.204  device=mps
  [checkpoint] saved /Users/ameygarg/COSMOS_FINAL/infernotactics/models/checkpoints_bisect/episode_0020.pt (and latest.pt)
    [eval @ ep 20] single_training: avg_reward=-119999.8  avg_buildings_destroyed=391.3  containment_rate=0%  |  reward vs heuristic: -90588.9 (heuristic: -29410.9)
        action_lock: ('trench_crew', 14) taken on 50.0% of all ticks (4 distinct action(s) used across all 3 eval episodes)
    [eval @ ep 20] mandeville_canyon: avg_reward=-18023.1  avg_buildings_destroyed=67.3  containment_rate=0%  |  reward vs heuristic: -18053.6 (heuristic: 30.5)
    [eval @ ep 20] getty_view_park: avg_reward=-81910.4  avg_buildings_destroyed=276.0  containment_rate=0%  |  reward vs heuristic: -81956.5 (heuristic: 46.1)
[status @ ep    40/300] episodes/min(last20)= 10.02  avg_reward(last20)= -106081.6  entropy=4.484  resource_entropy=1.235/1.386  zone_entropy=3.248/3.466  policy_loss=   0.936  value_loss=   0.234  class_loss=0.095  device=mps
  [checkpoint] saved /Users/ameygarg/COSMOS_FINAL/infernotactics/models/checkpoints_bisect/episode_0040.pt (and latest.pt)
    [eval @ ep 40] single_training: avg_reward=-120016.4  avg_buildings_destroyed=391.3  containment_rate=0%  |  reward vs heuristic: -90605.5 (heuristic: -29410.9)
        action_lock: ('trench_crew', 14) taken on 52.0% of all ticks (4 distinct action(s) used across all 3 eval episodes)
    [eval @ ep 40] mandeville_canyon: avg_reward=-18053.1  avg_buildings_destroyed=67.3  containment_rate=0%  |  reward vs heuristic: -18083.6 (heuristic: 30.5)
    [eval @ ep 40] getty_view_park: avg_reward=-81933.7  avg_buildings_destroyed=276.0  containment_rate=0%  |  reward vs heuristic: -81979.8 (heuristic: 46.1)
[status @ ep    60/300] episodes/min(last20)= 10.83  avg_reward(last20)= -108638.2  entropy=4.519  resource_entropy=1.296/1.386  zone_entropy=3.223/3.466  policy_loss=  -1.148  value_loss=   0.269  class_loss=0.112  device=mps
  [checkpoint] saved /Users/ameygarg/COSMOS_FINAL/infernotactics/models/checkpoints_bisect/episode_0060.pt (and latest.pt)
    [eval @ ep 60] single_training: avg_reward=-120023.7  avg_buildings_destroyed=391.3  containment_rate=0%  |  reward vs heuristic: -90612.8 (heuristic: -29410.9)
        action_lock: ('trench_crew', 14) taken on 53.3% of all ticks (4 distinct action(s) used across all 3 eval episodes)
    [eval @ ep 60] mandeville_canyon: avg_reward=-18063.7  avg_buildings_destroyed=67.3  containment_rate=0%  |  reward vs heuristic: -18094.2 (heuristic: 30.5)
    [eval @ ep 60] getty_view_park: avg_reward=-81941.0  avg_buildings_destroyed=276.0  containment_rate=0%  |  reward vs heuristic: -81987.1 (heuristic: 46.1)
[status @ ep    80/300] episodes/min(last20)= 10.52  avg_reward(last20)= -105517.6  entropy=4.486  resource_entropy=1.210/1.386  zone_entropy=3.276/3.466  policy_loss=  -1.116  value_loss=   0.184  class_loss=0.112  device=mps
  [checkpoint] saved /Users/ameygarg/COSMOS_FINAL/infernotactics/models/checkpoints_bisect/episode_0080.pt (and latest.pt)
    [eval @ ep 80] single_training: avg_reward=-119928.1  avg_buildings_destroyed=391.3  containment_rate=0%  |  reward vs heuristic: -90517.2 (heuristic: -29410.9)
        action_lock: ('trench_crew', 27) taken on 31.3% of all ticks (4 distinct action(s) used across all 3 eval episodes)
    [eval @ ep 80] mandeville_canyon: avg_reward=-17961.4  avg_buildings_destroyed=67.3  containment_rate=0%  |  reward vs heuristic: -17991.9 (heuristic: 30.5)
    [eval @ ep 80] getty_view_park: avg_reward=-81845.4  avg_buildings_destroyed=276.0  containment_rate=0%  |  reward vs heuristic: -81891.5 (heuristic: 46.1)
[status @ ep   100/300] episodes/min(last20)=  9.54  avg_reward(last20)= -111537.2  entropy=4.532  resource_entropy=1.230/1.386  zone_entropy=3.302/3.466  policy_loss=   3.295  value_loss=   0.603  class_loss=0.083  device=mps
  [checkpoint] saved /Users/ameygarg/COSMOS_FINAL/infernotactics/models/checkpoints_bisect/episode_0100.pt (and latest.pt)
    [eval @ ep 100] single_training: avg_reward=-118609.7  avg_buildings_destroyed=387.7  containment_rate=0%  |  reward vs heuristic: -89198.8 (heuristic: -29410.9)
        action_lock: ('trench_crew', 28) taken on 30.0% of all ticks (7 distinct action(s) used across all 3 eval episodes)
    [eval @ ep 100] mandeville_canyon: avg_reward=-17881.7  avg_buildings_destroyed=67.3  containment_rate=0%  |  reward vs heuristic: -17912.2 (heuristic: 30.5)
    [eval @ ep 100] getty_view_park: avg_reward=-81765.7  avg_buildings_destroyed=276.0  containment_rate=0%  |  reward vs heuristic: -81811.8 (heuristic: 46.1)
[status @ ep   120/300] episodes/min(last20)= 10.70  avg_reward(last20)= -104336.7  entropy=4.606  resource_entropy=1.306/1.386  zone_entropy=3.300/3.466  policy_loss=  -2.669  value_loss=   0.467  class_loss=0.105  device=mps
  [checkpoint] saved /Users/ameygarg/COSMOS_FINAL/infernotactics/models/checkpoints_bisect/episode_0120.pt (and latest.pt)
    [eval @ ep 120] single_training: avg_reward=-119867.0  avg_buildings_destroyed=391.3  containment_rate=0%  |  reward vs heuristic: -90456.1 (heuristic: -29410.9)
        action_lock: ('helicopter', 14) taken on 37.3% of all ticks (6 distinct action(s) used across all 3 eval episodes)
    [eval @ ep 120] mandeville_canyon: avg_reward=-17903.7  avg_buildings_destroyed=67.3  containment_rate=0%  |  reward vs heuristic: -17934.2 (heuristic: 30.5)
    [eval @ ep 120] getty_view_park: avg_reward=-81781.0  avg_buildings_destroyed=276.0  containment_rate=0%  |  reward vs heuristic: -81827.1 (heuristic: 46.1)
[status @ ep   140/300] episodes/min(last20)= 10.51  avg_reward(last20)= -106032.2  entropy=4.501  resource_entropy=1.247/1.386  zone_entropy=3.254/3.466  policy_loss=   4.208  value_loss=   1.174  class_loss=0.092  device=mps
  [checkpoint] saved /Users/ameygarg/COSMOS_FINAL/infernotactics/models/checkpoints_bisect/episode_0140.pt (and latest.pt)
    [eval @ ep 140] single_training: avg_reward=-120033.4  avg_buildings_destroyed=391.3  containment_rate=0%  |  reward vs heuristic: -90622.5 (heuristic: -29410.9)
        action_lock: ('trench_crew', 14) taken on 57.3% of all ticks (4 distinct action(s) used across all 3 eval episodes)
    [eval @ ep 140] mandeville_canyon: avg_reward=-18070.0  avg_buildings_destroyed=67.3  containment_rate=0%  |  reward vs heuristic: -18100.5 (heuristic: 30.5)
    [eval @ ep 140] getty_view_park: avg_reward=-81947.3  avg_buildings_destroyed=276.0  containment_rate=0%  |  reward vs heuristic: -81993.4 (heuristic: 46.1)
[status @ ep   160/300] episodes/min(last20)=  9.59  avg_reward(last20)= -109529.7  entropy=4.568  resource_entropy=1.296/1.386  zone_entropy=3.272/3.466  policy_loss=  -0.803  value_loss=   0.084  class_loss=0.081  device=mps
  [checkpoint] saved /Users/ameygarg/COSMOS_FINAL/infernotactics/models/checkpoints_bisect/episode_0160.pt (and latest.pt)
    [eval @ ep 160] single_training: avg_reward=-119894.2  avg_buildings_destroyed=391.3  containment_rate=0%  |  reward vs heuristic: -90483.3 (heuristic: -29410.9)
        action_lock: ('trench_crew', 14) taken on 39.3% of all ticks (6 distinct action(s) used across all 3 eval episodes)
    [eval @ ep 160] mandeville_canyon: avg_reward=-17927.5  avg_buildings_destroyed=67.3  containment_rate=0%  |  reward vs heuristic: -17958.0 (heuristic: 30.5)
    [eval @ ep 160] getty_view_park: avg_reward=-81808.1  avg_buildings_destroyed=276.0  containment_rate=0%  |  reward vs heuristic: -81854.2 (heuristic: 46.1)
[status @ ep   180/300] episodes/min(last20)= 10.27  avg_reward(last20)= -100535.1  entropy=4.548  resource_entropy=1.287/1.386  zone_entropy=3.261/3.466  policy_loss=  -2.409  value_loss=   0.419  class_loss=0.093  device=mps
  [checkpoint] saved /Users/ameygarg/COSMOS_FINAL/infernotactics/models/checkpoints_bisect/episode_0180.pt (and latest.pt)
    [eval @ ep 180] single_training: avg_reward=-119800.6  avg_buildings_destroyed=391.3  containment_rate=0%  |  reward vs heuristic: -90389.7 (heuristic: -29410.9)
        action_lock: ('helicopter', 14) taken on 31.3% of all ticks (5 distinct action(s) used across all 3 eval episodes)
    [eval @ ep 180] mandeville_canyon: avg_reward=-17833.9  avg_buildings_destroyed=67.3  containment_rate=0%  |  reward vs heuristic: -17864.4 (heuristic: 30.5)
    [eval @ ep 180] getty_view_park: avg_reward=-81717.9  avg_buildings_destroyed=276.0  containment_rate=0%  |  reward vs heuristic: -81764.0 (heuristic: 46.1)
[status @ ep   200/300] episodes/min(last20)=  9.99  avg_reward(last20)= -113864.1  entropy=4.562  resource_entropy=1.285/1.386  zone_entropy=3.276/3.466  policy_loss=  -0.346  value_loss=   0.054  class_loss=0.082  device=mps
  [checkpoint] saved /Users/ameygarg/COSMOS_FINAL/infernotactics/models/checkpoints_bisect/episode_0200.pt (and latest.pt)
    [eval @ ep 200] single_training: avg_reward=-119812.6  avg_buildings_destroyed=391.0  containment_rate=0%  |  reward vs heuristic: -90401.7 (heuristic: -29410.9)
        action_lock: ('trench_crew', 19) taken on 42.7% of all ticks (5 distinct action(s) used across all 3 eval episodes)
    [eval @ ep 200] mandeville_canyon: avg_reward=-17890.8  avg_buildings_destroyed=67.3  containment_rate=0%  |  reward vs heuristic: -17921.3 (heuristic: 30.5)
    [eval @ ep 200] getty_view_park: avg_reward=-81778.1  avg_buildings_destroyed=276.0  containment_rate=0%  |  reward vs heuristic: -81824.2 (heuristic: 46.1)
[status @ ep   220/300] episodes/min(last20)= 10.38  avg_reward(last20)= -104534.3  entropy=4.508  resource_entropy=1.278/1.386  zone_entropy=3.230/3.466  policy_loss=   2.628  value_loss=   0.436  class_loss=0.067  device=mps
  [checkpoint] saved /Users/ameygarg/COSMOS_FINAL/infernotactics/models/checkpoints_bisect/episode_0220.pt (and latest.pt)
    [eval @ ep 220] single_training: avg_reward=-121229.4  avg_buildings_destroyed=395.7  containment_rate=0%  |  reward vs heuristic: -91818.5 (heuristic: -29410.9)
        action_lock: ('trench_crew', 19) taken on 48.0% of all ticks (5 distinct action(s) used across all 3 eval episodes)
    [eval @ ep 220] mandeville_canyon: avg_reward=-17929.1  avg_buildings_destroyed=67.3  containment_rate=0%  |  reward vs heuristic: -17959.6 (heuristic: 30.5)
    [eval @ ep 220] getty_view_park: avg_reward=-81816.4  avg_buildings_destroyed=276.0  containment_rate=0%  |  reward vs heuristic: -81862.5 (heuristic: 46.1)
[status @ ep   240/300] episodes/min(last20)= 10.80  avg_reward(last20)= -110488.8  entropy=4.439  resource_entropy=1.278/1.386  zone_entropy=3.161/3.466  policy_loss=   0.619  value_loss=   0.088  class_loss=0.070  device=mps
  [checkpoint] saved /Users/ameygarg/COSMOS_FINAL/infernotactics/models/checkpoints_bisect/episode_0240.pt (and latest.pt)
    [eval @ ep 240] single_training: avg_reward=-121242.9  avg_buildings_destroyed=395.7  containment_rate=0%  |  reward vs heuristic: -91832.0 (heuristic: -29410.9)
        action_lock: ('trench_crew', 19) taken on 66.7% of all ticks (5 distinct action(s) used across all 3 eval episodes)
    [eval @ ep 240] mandeville_canyon: avg_reward=-17945.9  avg_buildings_destroyed=67.3  containment_rate=0%  |  reward vs heuristic: -17976.4 (heuristic: 30.5)
    [eval @ ep 240] getty_view_park: avg_reward=-81833.2  avg_buildings_destroyed=276.0  containment_rate=0%  |  reward vs heuristic: -81879.3 (heuristic: 46.1)
[status @ ep   260/300] episodes/min(last20)=  9.52  avg_reward(last20)= -111083.9  entropy=4.445  resource_entropy=1.296/1.386  zone_entropy=3.149/3.466  policy_loss=  -2.455  value_loss=   0.458  class_loss=0.072  device=mps
  [checkpoint] saved /Users/ameygarg/COSMOS_FINAL/infernotactics/models/checkpoints_bisect/episode_0260.pt (and latest.pt)
    [eval @ ep 260] single_training: avg_reward=42.4  avg_buildings_destroyed=0.0  containment_rate=100%  |  reward vs heuristic: +29453.3 (heuristic: -29410.9)
        action_lock: ('helicopter', 18) taken on 100.0% of all ticks (1 distinct action(s) used across all 3 eval episodes)
    [eval @ ep 260] mandeville_canyon: avg_reward=-17896.9  avg_buildings_destroyed=67.3  containment_rate=0%  |  reward vs heuristic: -17927.4 (heuristic: 30.5)
    [eval @ ep 260] getty_view_park: avg_reward=-81784.2  avg_buildings_destroyed=276.0  containment_rate=0%  |  reward vs heuristic: -81830.3 (heuristic: 46.1)
[status @ ep   280/300] episodes/min(last20)=  9.53  avg_reward(last20)= -113433.1  entropy=4.712  resource_entropy=1.353/1.386  zone_entropy=3.359/3.466  policy_loss=   8.757  value_loss=   3.685  class_loss=0.015  device=mps
  [checkpoint] saved /Users/ameygarg/COSMOS_FINAL/infernotactics/models/checkpoints_bisect/episode_0280.pt (and latest.pt)
    [eval @ ep 280] single_training: avg_reward=42.4  avg_buildings_destroyed=0.0  containment_rate=100%  |  reward vs heuristic: +29453.3 (heuristic: -29410.9)
        action_lock: ('helicopter', 18) taken on 100.0% of all ticks (1 distinct action(s) used across all 3 eval episodes)
    [eval @ ep 280] mandeville_canyon: avg_reward=-17714.2  avg_buildings_destroyed=67.3  containment_rate=0%  |  reward vs heuristic: -17744.7 (heuristic: 30.5)
    [eval @ ep 280] getty_view_park: avg_reward=-81601.5  avg_buildings_destroyed=276.0  containment_rate=0%  |  reward vs heuristic: -81647.6 (heuristic: 46.1)
[status @ ep   300/300] episodes/min(last20)= 10.03  avg_reward(last20)= -102792.9  entropy=4.652  resource_entropy=1.343/1.386  zone_entropy=3.309/3.466  policy_loss=   6.327  value_loss=   1.961  class_loss=0.015  device=mps
  [checkpoint] saved /Users/ameygarg/COSMOS_FINAL/infernotactics/models/checkpoints_bisect/episode_0300.pt (and latest.pt)
    [eval @ ep 300] single_training: avg_reward=42.4  avg_buildings_destroyed=0.0  containment_rate=100%  |  reward vs heuristic: +29453.3 (heuristic: -29410.9)
        action_lock: ('helicopter', 18) taken on 100.0% of all ticks (1 distinct action(s) used across all 3 eval episodes)
    [eval @ ep 300] mandeville_canyon: avg_reward=-17734.1  avg_buildings_destroyed=67.3  containment_rate=0%  |  reward vs heuristic: -17764.6 (heuristic: 30.5)
    [eval @ ep 300] getty_view_park: avg_reward=-81621.4  avg_buildings_destroyed=276.0  containment_rate=0%  |  reward vs heuristic: -81667.5 (heuristic: 46.1)

=== Training run summary (completed all 300 episodes) ===
Total wall time: 1778.2s  Overall episodes/min: 10.12
Policy loss: moved (range -1.32e+05 to 13.5)
Value loss: moved (range 0.0328 to 1.02e+09)
Classification loss: moved (range 0.0122 to 18.4)
Entropy: moved (range 4.31 to 4.81)
Resource-type entropy (max ln(4)=1.386): moved (range 1.05 to 1.38)
Zone entropy (max ln(32)=3.466): moved (range 3.13 to 3.45)
Training-point reward, first->last episode: -68101.7 -> -12.4
Training-point reward, mean first 20 vs last 20: -107705.4 vs -102792.9
Final deterministic eval (all 3 scenarios) vs heuristic baseline:
  single_training: avg_reward=42.4  avg_buildings_destroyed=0.0  containment_rate=100%
    heuristic:   avg_reward=-29410.9  avg_buildings_destroyed=98.4  containment_rate=80%  (delta: +29453.3)
  mandeville_canyon: avg_reward=-17734.1  avg_buildings_destroyed=67.3  containment_rate=0%
    heuristic:   avg_reward=30.5  avg_buildings_destroyed=0.0  containment_rate=100%  (delta: -17764.6)
  getty_view_park: avg_reward=-81621.4  avg_buildings_destroyed=276.0  containment_rate=0%
    heuristic:   avg_reward=46.1  avg_buildings_destroyed=0.0  containment_rate=100%  (delta: -81667.5)
MPS errors encountered: none
Final device: mps
Latest checkpoint: /Users/ameygarg/COSMOS_FINAL/infernotactics/models/checkpoints_bisect/latest.pt
