[pool8x8:pool8x8] target=300 episodes, device=mps  adaptive_pool_size=(8, 8)  training scenarios=['single_training', 'topanga_ridge', 'sullivan_canyon', 'stone_canyon']  held-out=['getty_view_park', 'mandeville_canyon']
[InfernoEnv] Loading + preparing road routing graph from /Users/ameygarg/COSMOS_FINAL/infernotactics/data/roads.graphml ...
[InfernoEnv] Warning: 1/32 zones unreachable from LAFD Station 69 (Pacific Palisades) via the road graph (dispatches routed to this station specifically will be wasted there).
[InfernoEnv] Warning: 1/32 zones unreachable from LAFD Station 19 (Brentwood) via the road graph (dispatches routed to this station specifically will be wasted there).
[InfernoEnv] Warning: 1/32 zones unreachable from LAFD Station 23 (Palisades Highlands) via the road graph (dispatches routed to this station specifically will be wasted there).
[InfernoEnv] Warning: 1/32 zones unreachable from LAFD Station 37 (Westwood / UCLA) via the road graph (dispatches routed to this station specifically will be wasted there).
[InfernoEnv] Warning: 1/32 zones unreachable from LAFD Station 71 (Bel-Air / Holmby Hills) via the road graph (dispatches routed to this station specifically will be wasted there).
[InfernoEnv] Warning: 1/32 zones unreachable from LAFD Station 99 (Mulholland Drive) via the road graph (dispatches routed to this station specifically will be wasted there).
[InfernoEnv] Warning: 1/32 zones unreachable from LAFD Station 109 (Mulholland Drive / Brentwood) via the road graph (dispatches routed to this station specifically will be wasted there).
[InfernoEnv] Loading + preparing road routing graph from /Users/ameygarg/COSMOS_FINAL/infernotactics/data/roads.graphml ...
[InfernoEnv] Warning: 1/32 zones unreachable from LAFD Station 69 (Pacific Palisades) via the road graph (dispatches routed to this station specifically will be wasted there).
[InfernoEnv] Warning: 1/32 zones unreachable from LAFD Station 19 (Brentwood) via the road graph (dispatches routed to this station specifically will be wasted there).
[InfernoEnv] Warning: 1/32 zones unreachable from LAFD Station 23 (Palisades Highlands) via the road graph (dispatches routed to this station specifically will be wasted there).
[InfernoEnv] Warning: 1/32 zones unreachable from LAFD Station 37 (Westwood / UCLA) via the road graph (dispatches routed to this station specifically will be wasted there).
[InfernoEnv] Warning: 1/32 zones unreachable from LAFD Station 71 (Bel-Air / Holmby Hills) via the road graph (dispatches routed to this station specifically will be wasted there).
[InfernoEnv] Warning: 1/32 zones unreachable from LAFD Station 99 (Mulholland Drive) via the road graph (dispatches routed to this station specifically will be wasted there).
[InfernoEnv] Warning: 1/32 zones unreachable from LAFD Station 109 (Mulholland Drive / Brentwood) via the road graph (dispatches routed to this station specifically will be wasted there).
[pool8x8:pool8x8] Warm-started from /Users/ameygarg/COSMOS_FINAL/infernotactics/models/checkpoints_bisect/episode_0260.pt (partial load -- architecture-changed keys reinitialized, not loaded): ['cnn.pool_fc.0.weight']
[status @ ep    20/300] scenario=stone_canyon     avg_reward(last20)=  -49455.7  resource_entropy=1.379/1.386  zone_entropy=3.451/3.466  collapse_streak=0  device=mps
    [eval @ ep 20] single_training: avg_reward=-119898.9  destroyed=391.3  containment=0%  action_lock=('rescue_vehicle', 19) (66.7%)  t0=(helicopter,14) p=0.297/0.058  vs heuristic: -100816.9 (heuristic: -19082.0)
    [eval @ ep 20] topanga_ridge: avg_reward=-9868.2  destroyed=31.7  containment=0%  action_lock=('rescue_vehicle', 19) (66.7%)  t0=(helicopter,14) p=0.297/0.058  vs heuristic: -6421.9 (heuristic: -3446.3)
    [eval @ ep 20] sullivan_canyon: avg_reward=-47657.5  destroyed=175.0  containment=0%  action_lock=('rescue_vehicle', 19) (66.7%)  t0=(helicopter,14) p=0.297/0.058  vs heuristic: -39836.0 (heuristic: -7821.5)
    [eval @ ep 20] stone_canyon: avg_reward=-35042.9  destroyed=120.0  containment=67%  action_lock=('rescue_vehicle', 19) (64.1%)  t0=(helicopter,14) p=0.297/0.058  vs heuristic: +10337.0 (heuristic: -45379.9)
    [eval @ ep 20] mandeville_canyon [HELD-OUT]: avg_reward=-17922.2  destroyed=67.3  containment=0%  action_lock=('rescue_vehicle', 19) (66.7%)  t0=(helicopter,14) p=0.297/0.058  vs heuristic: -17971.2 (heuristic: 49.0)
    [eval @ ep 20] getty_view_park [HELD-OUT]: avg_reward=-81809.5  destroyed=276.0  containment=0%  action_lock=('rescue_vehicle', 19) (66.7%)  t0=(helicopter,14) p=0.297/0.058  vs heuristic: -81883.1 (heuristic: 73.6)
[status @ ep    40/300] scenario=single_training  avg_reward(last20)=  -74265.0  resource_entropy=1.339/1.386  zone_entropy=3.126/3.466  collapse_streak=0  device=mps
    [eval @ ep 40] single_training: avg_reward=-120930.1  destroyed=395.7  containment=0%  action_lock=('rescue_vehicle', 19) (70.0%)  t0=(helicopter,14) p=0.299/0.051  vs heuristic: -101848.1 (heuristic: -19082.0)
    [eval @ ep 40] topanga_ridge: avg_reward=-9792.3  destroyed=31.7  containment=0%  action_lock=('rescue_vehicle', 19) (70.0%)  t0=(helicopter,14) p=0.299/0.051  vs heuristic: -6346.0 (heuristic: -3446.3)
    [eval @ ep 40] sullivan_canyon: avg_reward=-46465.1  destroyed=171.7  containment=0%  action_lock=('rescue_vehicle', 19) (70.0%)  t0=(helicopter,14) p=0.299/0.051  vs heuristic: -38643.6 (heuristic: -7821.5)
    [eval @ ep 40] stone_canyon: avg_reward=-35017.6  destroyed=120.0  containment=67%  action_lock=('rescue_vehicle', 19) (67.3%)  t0=(helicopter,14) p=0.299/0.051  vs heuristic: +10362.3 (heuristic: -45379.9)
    [eval @ ep 40] mandeville_canyon [HELD-OUT]: avg_reward=-17846.3  destroyed=67.3  containment=0%  action_lock=('rescue_vehicle', 19) (70.0%)  t0=(helicopter,14) p=0.299/0.051  vs heuristic: -17895.3 (heuristic: 49.0)
    [eval @ ep 40] getty_view_park [HELD-OUT]: avg_reward=-81733.5  destroyed=276.0  containment=0%  action_lock=('rescue_vehicle', 19) (70.0%)  t0=(helicopter,14) p=0.299/0.051  vs heuristic: -81807.1 (heuristic: 73.6)
[status @ ep    60/300] scenario=single_training  avg_reward(last20)=  -48327.6  resource_entropy=1.332/1.386  zone_entropy=3.042/3.466  collapse_streak=0  device=mps
    [eval @ ep 60] single_training: avg_reward=-122818.6  destroyed=402.7  containment=0%  action_lock=('rescue_vehicle', 19) (42.7%)  t0=(helicopter,14) p=0.302/0.047  vs heuristic: -103736.6 (heuristic: -19082.0)
    [eval @ ep 60] topanga_ridge: avg_reward=-9729.2  destroyed=31.7  containment=0%  action_lock=('rescue_vehicle', 19) (42.7%)  t0=(helicopter,14) p=0.302/0.047  vs heuristic: -6282.9 (heuristic: -3446.3)
    [eval @ ep 60] sullivan_canyon: avg_reward=-36223.8  destroyed=134.3  containment=0%  action_lock=('rescue_vehicle', 19) (42.7%)  t0=(helicopter,14) p=0.302/0.047  vs heuristic: -28402.3 (heuristic: -7821.5)
    [eval @ ep 60] stone_canyon: avg_reward=-49966.2  destroyed=171.7  containment=67%  action_lock=('rescue_vehicle', 19) (41.0%)  t0=(helicopter,14) p=0.302/0.047  vs heuristic: -4586.3 (heuristic: -45379.9)
    [eval @ ep 60] mandeville_canyon [HELD-OUT]: avg_reward=-17783.2  destroyed=67.3  containment=0%  action_lock=('rescue_vehicle', 19) (42.7%)  t0=(helicopter,14) p=0.302/0.047  vs heuristic: -17832.2 (heuristic: 49.0)
    [eval @ ep 60] getty_view_park [HELD-OUT]: avg_reward=-81670.5  destroyed=276.0  containment=0%  action_lock=('rescue_vehicle', 19) (42.7%)  t0=(helicopter,14) p=0.302/0.047  vs heuristic: -81744.1 (heuristic: 73.6)
[status @ ep    80/300] scenario=stone_canyon     avg_reward(last20)=  -83250.2  resource_entropy=1.336/1.386  zone_entropy=3.221/3.466  collapse_streak=0  device=mps
    [eval @ ep 80] single_training: avg_reward=-110567.6  destroyed=361.7  containment=0%  action_lock=('helicopter', 19) (39.3%)  t0=(helicopter,14) p=0.289/0.052  vs heuristic: -91485.6 (heuristic: -19082.0)
    [eval @ ep 80] topanga_ridge: avg_reward=-9744.3  destroyed=31.7  containment=0%  action_lock=('helicopter', 19) (39.3%)  t0=(helicopter,14) p=0.289/0.052  vs heuristic: -6298.0 (heuristic: -3446.3)
    [eval @ ep 80] sullivan_canyon: avg_reward=-47415.9  destroyed=174.0  containment=0%  action_lock=('helicopter', 19) (39.3%)  t0=(helicopter,14) p=0.289/0.052  vs heuristic: -39594.4 (heuristic: -7821.5)
    [eval @ ep 80] stone_canyon: avg_reward=-49756.0  destroyed=171.7  containment=67%  action_lock=('helicopter', 19) (37.8%)  t0=(helicopter,14) p=0.289/0.052  vs heuristic: -4376.1 (heuristic: -45379.9)
    [eval @ ep 80] mandeville_canyon [HELD-OUT]: avg_reward=-17798.3  destroyed=67.3  containment=0%  action_lock=('helicopter', 19) (39.3%)  t0=(helicopter,14) p=0.289/0.052  vs heuristic: -17847.3 (heuristic: 49.0)
    [eval @ ep 80] getty_view_park [HELD-OUT]: avg_reward=-81685.6  destroyed=276.0  containment=0%  action_lock=('helicopter', 19) (39.3%)  t0=(helicopter,14) p=0.289/0.052  vs heuristic: -81759.2 (heuristic: 73.6)
[status @ ep   100/300] scenario=single_training  avg_reward(last20)=  -88797.5  resource_entropy=1.327/1.386  zone_entropy=3.175/3.466  collapse_streak=0  device=mps

[pool8x8:pool8x8] ===== MILESTONE @ ep 100 =====
    [eval @ ep 100] single_training: avg_reward=-123961.3  destroyed=409.0  containment=0%  action_lock=('rescue_vehicle', 19) (40.0%)  t0=(helicopter,14) p=0.278/0.050  vs heuristic: -104879.3 (heuristic: -19082.0)
    [eval @ ep 100] topanga_ridge: avg_reward=-9787.6  destroyed=31.7  containment=0%  action_lock=('rescue_vehicle', 19) (40.0%)  t0=(helicopter,14) p=0.278/0.050  vs heuristic: -6341.3 (heuristic: -3446.3)
    [eval @ ep 100] sullivan_canyon: avg_reward=-46762.5  destroyed=172.7  containment=0%  action_lock=('rescue_vehicle', 19) (40.0%)  t0=(helicopter,14) p=0.278/0.050  vs heuristic: -38941.0 (heuristic: -7821.5)
    [eval @ ep 100] stone_canyon: avg_reward=-49913.7  destroyed=171.7  containment=67%  action_lock=('rescue_vehicle', 19) (38.5%)  t0=(helicopter,14) p=0.278/0.050  vs heuristic: -4533.8 (heuristic: -45379.9)
    [eval @ ep 100] mandeville_canyon [HELD-OUT]: avg_reward=-17841.5  destroyed=67.3  containment=0%  action_lock=('rescue_vehicle', 19) (40.0%)  t0=(helicopter,14) p=0.278/0.050  vs heuristic: -17890.5 (heuristic: 49.0)
    [eval @ ep 100] getty_view_park [HELD-OUT]: avg_reward=-81728.8  destroyed=276.0  containment=0%  action_lock=('rescue_vehicle', 19) (40.0%)  t0=(helicopter,14) p=0.278/0.050  vs heuristic: -81802.4 (heuristic: 73.6)
[pool8x8:pool8x8] ===== end milestone =====

[status @ ep   120/300] scenario=topanga_ridge    avg_reward(last20)=  -58052.9  resource_entropy=1.346/1.386  zone_entropy=3.229/3.466  collapse_streak=0  device=mps
    [eval @ ep 120] single_training: avg_reward=-114635.2  destroyed=376.0  containment=0%  action_lock=('helicopter', 19) (41.3%)  t0=(helicopter,14) p=0.283/0.045  vs heuristic: -95553.2 (heuristic: -19082.0)
    [eval @ ep 120] topanga_ridge: avg_reward=-9764.0  destroyed=31.7  containment=0%  action_lock=('helicopter', 19) (41.3%)  t0=(helicopter,14) p=0.283/0.045  vs heuristic: -6317.7 (heuristic: -3446.3)
    [eval @ ep 120] sullivan_canyon: avg_reward=-44936.3  destroyed=166.7  containment=0%  action_lock=('helicopter', 19) (41.3%)  t0=(helicopter,14) p=0.283/0.045  vs heuristic: -37114.8 (heuristic: -7821.5)
    [eval @ ep 120] stone_canyon: avg_reward=-49831.6  destroyed=171.7  containment=67%  action_lock=('helicopter', 19) (39.7%)  t0=(helicopter,14) p=0.283/0.045  vs heuristic: -4451.7 (heuristic: -45379.9)
    [eval @ ep 120] mandeville_canyon [HELD-OUT]: avg_reward=-17817.9  destroyed=67.3  containment=0%  action_lock=('helicopter', 19) (41.3%)  t0=(helicopter,14) p=0.283/0.045  vs heuristic: -17866.9 (heuristic: 49.0)
    [eval @ ep 120] getty_view_park [HELD-OUT]: avg_reward=-81705.2  destroyed=276.0  containment=0%  action_lock=('helicopter', 19) (41.3%)  t0=(helicopter,14) p=0.283/0.045  vs heuristic: -81778.8 (heuristic: 73.6)
[status @ ep   140/300] scenario=single_training  avg_reward(last20)=  -70151.3  resource_entropy=1.353/1.386  zone_entropy=3.285/3.466  collapse_streak=0  device=mps
    [eval @ ep 140] single_training: avg_reward=-116404.5  destroyed=381.3  containment=0%  action_lock=('rescue_vehicle', 19) (56.7%)  t0=(helicopter,14) p=0.274/0.044  vs heuristic: -97322.5 (heuristic: -19082.0)
    [eval @ ep 140] topanga_ridge: avg_reward=-9887.1  destroyed=31.7  containment=0%  action_lock=('rescue_vehicle', 19) (56.7%)  t0=(helicopter,14) p=0.274/0.044  vs heuristic: -6440.8 (heuristic: -3446.3)
    [eval @ ep 140] sullivan_canyon: avg_reward=-56480.9  destroyed=204.7  containment=0%  action_lock=('rescue_vehicle', 19) (56.7%)  t0=(helicopter,14) p=0.274/0.044  vs heuristic: -48659.4 (heuristic: -7821.5)
    [eval @ ep 140] stone_canyon: avg_reward=-49945.3  destroyed=171.7  containment=67%  action_lock=('rescue_vehicle', 19) (54.5%)  t0=(helicopter,14) p=0.274/0.044  vs heuristic: -4565.4 (heuristic: -45379.9)
    [eval @ ep 140] mandeville_canyon [HELD-OUT]: avg_reward=-17941.1  destroyed=67.3  containment=0%  action_lock=('rescue_vehicle', 19) (56.7%)  t0=(helicopter,14) p=0.274/0.044  vs heuristic: -17990.1 (heuristic: 49.0)
    [eval @ ep 140] getty_view_park [HELD-OUT]: avg_reward=-81828.4  destroyed=276.0  containment=0%  action_lock=('rescue_vehicle', 19) (56.7%)  t0=(helicopter,14) p=0.274/0.044  vs heuristic: -81902.0 (heuristic: 73.6)
[status @ ep   160/300] scenario=single_training  avg_reward(last20)=  -82991.4  resource_entropy=1.373/1.386  zone_entropy=3.337/3.466  collapse_streak=0  device=mps
    [eval @ ep 160] single_training: avg_reward=-110757.2  destroyed=363.0  containment=0%  action_lock=('rescue_vehicle', 19) (45.3%)  t0=(helicopter,14) p=0.272/0.044  vs heuristic: -91675.2 (heuristic: -19082.0)
    [eval @ ep 160] topanga_ridge: avg_reward=-9863.0  destroyed=31.7  containment=0%  action_lock=('rescue_vehicle', 19) (45.3%)  t0=(helicopter,14) p=0.272/0.044  vs heuristic: -6416.7 (heuristic: -3446.3)
    [eval @ ep 160] sullivan_canyon: avg_reward=-55938.0  destroyed=204.0  containment=0%  action_lock=('rescue_vehicle', 19) (45.3%)  t0=(helicopter,14) p=0.272/0.044  vs heuristic: -48116.5 (heuristic: -7821.5)
    [eval @ ep 160] stone_canyon: avg_reward=-49938.1  destroyed=171.7  containment=67%  action_lock=('rescue_vehicle', 19) (43.6%)  t0=(helicopter,14) p=0.272/0.044  vs heuristic: -4558.2 (heuristic: -45379.9)
    [eval @ ep 160] mandeville_canyon [HELD-OUT]: avg_reward=-17916.9  destroyed=67.3  containment=0%  action_lock=('rescue_vehicle', 19) (45.3%)  t0=(helicopter,14) p=0.272/0.044  vs heuristic: -17965.9 (heuristic: 49.0)
    [eval @ ep 160] getty_view_park [HELD-OUT]: avg_reward=-81804.2  destroyed=276.0  containment=0%  action_lock=('rescue_vehicle', 19) (45.3%)  t0=(helicopter,14) p=0.272/0.044  vs heuristic: -81877.8 (heuristic: 73.6)
[status @ ep   180/300] scenario=sullivan_canyon  avg_reward(last20)=  -60433.7  resource_entropy=1.371/1.386  zone_entropy=3.315/3.466  collapse_streak=0  device=mps
    [eval @ ep 180] single_training: avg_reward=-115723.6  destroyed=378.3  containment=0%  action_lock=('water_team', 19) (68.0%)  t0=(helicopter,14) p=0.265/0.043  vs heuristic: -96641.6 (heuristic: -19082.0)
    [eval @ ep 180] topanga_ridge: avg_reward=-9877.7  destroyed=31.7  containment=0%  action_lock=('water_team', 19) (68.0%)  t0=(helicopter,14) p=0.265/0.043  vs heuristic: -6431.4 (heuristic: -3446.3)
    [eval @ ep 180] sullivan_canyon: avg_reward=-50416.6  destroyed=185.0  containment=0%  action_lock=('water_team', 19) (68.0%)  t0=(helicopter,14) p=0.265/0.043  vs heuristic: -42595.1 (heuristic: -7821.5)
    [eval @ ep 180] stone_canyon: avg_reward=-49942.1  destroyed=171.7  containment=67%  action_lock=('water_team', 19) (65.4%)  t0=(helicopter,14) p=0.265/0.043  vs heuristic: -4562.2 (heuristic: -45379.9)
    [eval @ ep 180] mandeville_canyon [HELD-OUT]: avg_reward=-17931.7  destroyed=67.3  containment=0%  action_lock=('water_team', 19) (68.0%)  t0=(helicopter,14) p=0.265/0.043  vs heuristic: -17980.7 (heuristic: 49.0)
    [eval @ ep 180] getty_view_park [HELD-OUT]: avg_reward=-81819.0  destroyed=276.0  containment=0%  action_lock=('water_team', 19) (68.0%)  t0=(helicopter,14) p=0.265/0.043  vs heuristic: -81892.6 (heuristic: 73.6)
[status @ ep   200/300] scenario=single_training  avg_reward(last20)=  -78248.1  resource_entropy=1.371/1.386  zone_entropy=3.323/3.466  collapse_streak=0  device=mps

[pool8x8:pool8x8] ===== MILESTONE @ ep 200 =====
    [eval @ ep 200] single_training: avg_reward=-118552.6  destroyed=390.3  containment=0%  action_lock=('helicopter', 19) (55.3%)  t0=(trench_crew,14) p=0.267/0.045  vs heuristic: -99470.6 (heuristic: -19082.0)
    [eval @ ep 200] topanga_ridge: avg_reward=-9696.0  destroyed=31.7  containment=0%  action_lock=('helicopter', 19) (55.3%)  t0=(trench_crew,14) p=0.267/0.045  vs heuristic: -6249.7 (heuristic: -3446.3)
    [eval @ ep 200] sullivan_canyon: avg_reward=-56753.1  destroyed=209.3  containment=0%  action_lock=('helicopter', 19) (55.3%)  t0=(trench_crew,14) p=0.267/0.045  vs heuristic: -48931.6 (heuristic: -7821.5)
    [eval @ ep 200] stone_canyon: avg_reward=-93644.0  destroyed=320.0  containment=0%  action_lock=('helicopter', 19) (55.3%)  t0=(trench_crew,14) p=0.267/0.045  vs heuristic: -48264.1 (heuristic: -45379.9)
    [eval @ ep 200] mandeville_canyon [HELD-OUT]: avg_reward=-17750.0  destroyed=67.3  containment=0%  action_lock=('helicopter', 19) (55.3%)  t0=(trench_crew,14) p=0.267/0.045  vs heuristic: -17799.0 (heuristic: 49.0)
    [eval @ ep 200] getty_view_park [HELD-OUT]: avg_reward=-81637.3  destroyed=276.0  containment=0%  action_lock=('helicopter', 19) (55.3%)  t0=(trench_crew,14) p=0.267/0.045  vs heuristic: -81710.9 (heuristic: 73.6)
[pool8x8:pool8x8] ===== end milestone =====

[status @ ep   220/300] scenario=single_training  avg_reward(last20)=  -64734.1  resource_entropy=1.371/1.386  zone_entropy=3.352/3.466  collapse_streak=0  device=mps
    [eval @ ep 220] single_training: avg_reward=-112227.6  destroyed=367.0  containment=0%  action_lock=('helicopter', 19) (42.7%)  t0=(helicopter,14) p=0.267/0.042  vs heuristic: -93145.6 (heuristic: -19082.0)
    [eval @ ep 220] topanga_ridge: avg_reward=-9793.9  destroyed=31.7  containment=0%  action_lock=('helicopter', 19) (42.7%)  t0=(helicopter,14) p=0.267/0.042  vs heuristic: -6347.6 (heuristic: -3446.3)
    [eval @ ep 220] sullivan_canyon: avg_reward=-42578.4  destroyed=158.7  containment=0%  action_lock=('helicopter', 19) (42.7%)  t0=(helicopter,14) p=0.267/0.042  vs heuristic: -34756.9 (heuristic: -7821.5)
    [eval @ ep 220] stone_canyon: avg_reward=-49702.4  destroyed=171.7  containment=67%  action_lock=('helicopter', 19) (41.0%)  t0=(helicopter,14) p=0.267/0.042  vs heuristic: -4322.5 (heuristic: -45379.9)
    [eval @ ep 220] mandeville_canyon [HELD-OUT]: avg_reward=-17847.9  destroyed=67.3  containment=0%  action_lock=('helicopter', 19) (42.7%)  t0=(helicopter,14) p=0.267/0.042  vs heuristic: -17896.9 (heuristic: 49.0)
    [eval @ ep 220] getty_view_park [HELD-OUT]: avg_reward=-81735.2  destroyed=276.0  containment=0%  action_lock=('helicopter', 19) (42.7%)  t0=(helicopter,14) p=0.267/0.042  vs heuristic: -81808.8 (heuristic: 73.6)
[status @ ep   240/300] scenario=sullivan_canyon  avg_reward(last20)=  -69665.3  resource_entropy=1.359/1.386  zone_entropy=3.346/3.466  collapse_streak=0  device=mps
    [eval @ ep 240] single_training: avg_reward=-122592.8  destroyed=401.0  containment=0%  action_lock=('helicopter', 19) (79.3%)  t0=(helicopter,14) p=0.272/0.043  vs heuristic: -103510.8 (heuristic: -19082.0)
    [eval @ ep 240] topanga_ridge: avg_reward=-9583.4  destroyed=31.7  containment=0%  action_lock=('helicopter', 19) (79.3%)  t0=(helicopter,14) p=0.272/0.043  vs heuristic: -6137.1 (heuristic: -3446.3)
    [eval @ ep 240] sullivan_canyon: avg_reward=-49643.5  destroyed=185.0  containment=0%  action_lock=('helicopter', 19) (79.3%)  t0=(helicopter,14) p=0.272/0.043  vs heuristic: -41822.0 (heuristic: -7821.5)
    [eval @ ep 240] stone_canyon: avg_reward=-34947.9  destroyed=120.0  containment=67%  action_lock=('helicopter', 19) (76.3%)  t0=(helicopter,14) p=0.272/0.043  vs heuristic: +10432.0 (heuristic: -45379.9)
    [eval @ ep 240] mandeville_canyon [HELD-OUT]: avg_reward=-17637.3  destroyed=67.3  containment=0%  action_lock=('helicopter', 19) (79.3%)  t0=(helicopter,14) p=0.272/0.043  vs heuristic: -17686.3 (heuristic: 49.0)
    [eval @ ep 240] getty_view_park [HELD-OUT]: avg_reward=-81524.6  destroyed=276.0  containment=0%  action_lock=('helicopter', 19) (79.3%)  t0=(helicopter,14) p=0.272/0.043  vs heuristic: -81598.2 (heuristic: 73.6)
[status @ ep   260/300] scenario=single_training  avg_reward(last20)=  -99178.1  resource_entropy=1.361/1.386  zone_entropy=3.339/3.466  collapse_streak=0  device=mps
    [eval @ ep 260] single_training: avg_reward=-109780.8  destroyed=360.7  containment=0%  action_lock=('helicopter', 19) (72.7%)  t0=(helicopter,14) p=0.275/0.050  vs heuristic: -90698.8 (heuristic: -19082.0)
    [eval @ ep 260] topanga_ridge: avg_reward=-9642.0  destroyed=31.7  containment=0%  action_lock=('helicopter', 19) (72.7%)  t0=(helicopter,14) p=0.275/0.050  vs heuristic: -6195.7 (heuristic: -3446.3)
    [eval @ ep 260] sullivan_canyon: avg_reward=-40152.6  destroyed=152.3  containment=0%  action_lock=('helicopter', 19) (72.7%)  t0=(helicopter,14) p=0.275/0.050  vs heuristic: -32331.1 (heuristic: -7821.5)
    [eval @ ep 260] stone_canyon: avg_reward=-49940.4  destroyed=171.7  containment=67%  action_lock=('helicopter', 19) (69.9%)  t0=(helicopter,14) p=0.275/0.050  vs heuristic: -4560.5 (heuristic: -45379.9)
    [eval @ ep 260] mandeville_canyon [HELD-OUT]: avg_reward=-17695.9  destroyed=67.3  containment=0%  action_lock=('helicopter', 19) (72.7%)  t0=(helicopter,14) p=0.275/0.050  vs heuristic: -17744.9 (heuristic: 49.0)
    [eval @ ep 260] getty_view_park [HELD-OUT]: avg_reward=-81583.2  destroyed=276.0  containment=0%  action_lock=('helicopter', 19) (72.7%)  t0=(helicopter,14) p=0.275/0.050  vs heuristic: -81656.8 (heuristic: 73.6)
[status @ ep   280/300] scenario=single_training  avg_reward(last20)=  -71854.8  resource_entropy=1.369/1.386  zone_entropy=3.317/3.466  collapse_streak=0  device=mps
    [eval @ ep 280] single_training: avg_reward=-118150.3  destroyed=388.0  containment=0%  action_lock=('helicopter', 19) (64.7%)  t0=(helicopter,14) p=0.275/0.048  vs heuristic: -99068.3 (heuristic: -19082.0)
    [eval @ ep 280] topanga_ridge: avg_reward=-9615.8  destroyed=31.7  containment=0%  action_lock=('helicopter', 19) (64.7%)  t0=(helicopter,14) p=0.275/0.048  vs heuristic: -6169.5 (heuristic: -3446.3)
    [eval @ ep 280] sullivan_canyon: avg_reward=-41023.5  destroyed=155.0  containment=0%  action_lock=('helicopter', 19) (64.7%)  t0=(helicopter,14) p=0.275/0.048  vs heuristic: -33202.0 (heuristic: -7821.5)
    [eval @ ep 280] stone_canyon: avg_reward=-34958.8  destroyed=120.0  containment=67%  action_lock=('helicopter', 19) (62.2%)  t0=(helicopter,14) p=0.275/0.048  vs heuristic: +10421.1 (heuristic: -45379.9)
    [eval @ ep 280] mandeville_canyon [HELD-OUT]: avg_reward=-17669.8  destroyed=67.3  containment=0%  action_lock=('helicopter', 19) (64.7%)  t0=(helicopter,14) p=0.275/0.048  vs heuristic: -17718.8 (heuristic: 49.0)
    [eval @ ep 280] getty_view_park [HELD-OUT]: avg_reward=-81557.1  destroyed=276.0  containment=0%  action_lock=('helicopter', 19) (64.7%)  t0=(helicopter,14) p=0.275/0.048  vs heuristic: -81630.7 (heuristic: 73.6)
[status @ ep   300/300] scenario=sullivan_canyon  avg_reward(last20)=  -63979.0  resource_entropy=1.370/1.386  zone_entropy=3.313/3.466  collapse_streak=0  device=mps

[pool8x8:pool8x8] ===== MILESTONE @ ep 300 =====
    [eval @ ep 300] single_training: avg_reward=-116341.9  destroyed=381.3  containment=0%  action_lock=('helicopter', 19) (34.0%)  t0=(helicopter,14) p=0.274/0.048  vs heuristic: -97259.9 (heuristic: -19082.0)
    [eval @ ep 300] topanga_ridge: avg_reward=-9815.3  destroyed=31.7  containment=0%  action_lock=('helicopter', 19) (34.0%)  t0=(helicopter,14) p=0.274/0.048  vs heuristic: -6369.0 (heuristic: -3446.3)
    [eval @ ep 300] sullivan_canyon: avg_reward=-41348.1  destroyed=151.0  containment=0%  action_lock=('helicopter', 19) (34.0%)  t0=(helicopter,14) p=0.274/0.048  vs heuristic: -33526.6 (heuristic: -7821.5)
    [eval @ ep 300] stone_canyon: avg_reward=-49994.9  destroyed=171.7  containment=67%  action_lock=('helicopter', 19) (32.7%)  t0=(helicopter,14) p=0.274/0.048  vs heuristic: -4615.0 (heuristic: -45379.9)
    [eval @ ep 300] mandeville_canyon [HELD-OUT]: avg_reward=-17869.3  destroyed=67.3  containment=0%  action_lock=('helicopter', 19) (34.0%)  t0=(helicopter,14) p=0.274/0.048  vs heuristic: -17918.3 (heuristic: 49.0)
    [eval @ ep 300] getty_view_park [HELD-OUT]: avg_reward=-81756.6  destroyed=276.0  containment=0%  action_lock=('helicopter', 19) (34.0%)  t0=(helicopter,14) p=0.274/0.048  vs heuristic: -81830.2 (heuristic: 73.6)
[pool8x8:pool8x8] ===== end milestone =====


[pool8x8:pool8x8] STOPPED at episode 300. Reason: Reached target N_EPISODES=300.
